2026-05-19T19:38:17 2026-05-19 19:38:16,692 - INFO - 📊 ns-process-data STDOUT:
2026-05-19T19:38:17 2026-05-19 19:38:16,692 - INFO -    STDOUT: ✅ sitecustomize: filtered deprecated CUDA arch flags (TORCH_CUDA_ARCH_LIST=8.0 8.6)
2026-05-19T19:38:17 2026-05-19 19:38:16,693 - INFO -    STDOUT: ✅ sitecustomize: patched nerfstudio PIL conversion
2026-05-19T19:38:17 2026-05-19 19:38:16,693 - INFO -    STDOUT: [19:37:12] 🎉 Done copying images with prefix 'frame_'.                                        process_data_utils.py:348
2026-05-19T19:38:17 2026-05-19 19:38:16,693 - INFO -    STDOUT: [19:38:15] 🎉 🎉 🎉 All DONE 🎉 🎉 🎉                                                images_to_nerfstudio_dataset.py:135
2026-05-19T19:38:17 2026-05-19 19:38:16,693 - INFO -    STDOUT:            Starting with 1710 images                                                 images_to_nerfstudio_dataset.py:138
2026-05-19T19:38:17 2026-05-19 19:38:16,693 - INFO -    STDOUT:            Colmap matched 1693 images                                                images_to_nerfstudio_dataset.py:138
2026-05-19T19:38:17 2026-05-19 19:38:16,693 - INFO -    STDOUT:            COLMAP found poses for 99.01% of the images.                              images_to_nerfstudio_dataset.py:138
2026-05-19T19:38:17 2026-05-19 19:38:16,693 - INFO - 📊 ns-process-data STDERR:
2026-05-19T19:38:17 2026-05-19 19:38:16,693 - INFO -    STDERR: (empty)
2026-05-19T19:38:17 2026-05-19 19:38:16,693 - INFO - 📁 Updated input directory for validation: /tmp/nerfstudio_training/converted_data
2026-05-19T19:38:17 2026-05-19 19:38:16,693 - INFO - 🔍 COMPREHENSIVE transforms.json validation...
2026-05-19T19:38:17 2026-05-19 19:38:16,805 - INFO - 📄 transforms.json file size: 1496307 bytes
2026-05-19T19:38:17 2026-05-19 19:38:16,805 - INFO - 📊 TOP-LEVEL STRUCTURE:
2026-05-19T19:38:17 2026-05-19 19:38:16,805 - INFO -    ✅ frames: present
2026-05-19T19:38:17 2026-05-19 19:38:16,805 - INFO -    ⚠️  camera_angle_x: not present (optional)
2026-05-19T19:38:17 2026-05-19 19:38:16,805 - INFO -    ✅ fl_x: 3035.975631650954
2026-05-19T19:38:17 2026-05-19 19:38:16,805 - INFO -    ✅ fl_y: 3035.975631650954
2026-05-19T19:38:17 2026-05-19 19:38:16,806 - INFO -    ✅ cx: 2000.0
2026-05-19T19:38:17 2026-05-19 19:38:16,806 - INFO -    ✅ cy: 1125.0
2026-05-19T19:38:17 2026-05-19 19:38:16,806 - INFO -    ✅ w: 4000
2026-05-19T19:38:17 2026-05-19 19:38:16,806 - INFO -    ✅ h: 2250
2026-05-19T19:38:17 2026-05-19 19:38:16,806 - INFO -    ✅ k1: -0.00037515105032741465
2026-05-19T19:38:17 2026-05-19 19:38:16,806 - INFO -    ✅ k2: 0.0
2026-05-19T19:38:17 2026-05-19 19:38:16,806 - INFO -    ✅ p1: 0.0
2026-05-19T19:38:17 2026-05-19 19:38:16,806 - INFO -    ✅ p2: 0.0
2026-05-19T19:38:17 2026-05-19 19:38:16,806 - INFO - 📊 FRAMES ANALYSIS:
2026-05-19T19:38:17 2026-05-19 19:38:16,806 - INFO -    Total frames: 1693
2026-05-19T19:38:17 2026-05-19 19:38:16,806 - INFO -    ✅ 1693 frames available
2026-05-19T19:38:17 2026-05-19 19:38:16,806 - INFO -    📋 FRAME 0:
2026-05-19T19:38:17 2026-05-19 19:38:16,806 - INFO -       file_path: images/frame_01710.JPG
2026-05-19T19:38:17 2026-05-19 19:38:16,806 - INFO -       ✅ Image file exists: frame_01710.JPG
2026-05-19T19:38:17 2026-05-19 19:38:16,806 - INFO -       ✅ transform_matrix: 4x4 matrix present
2026-05-19T19:38:17 2026-05-19 19:38:16,807 - INFO -       ✅ transform_matrix has non-zero values
2026-05-19T19:38:17 2026-05-19 19:38:16,807 - INFO -    📋 FRAME 1:
2026-05-19T19:38:17 2026-05-19 19:38:16,807 - INFO -       file_path: images/frame_01709.JPG
2026-05-19T19:38:17 2026-05-19 19:38:16,807 - INFO -       ✅ Image file exists: frame_01709.JPG
2026-05-19T19:38:17 2026-05-19 19:38:16,807 - INFO -       ✅ transform_matrix: 4x4 matrix present
2026-05-19T19:38:17 2026-05-19 19:38:16,807 - INFO -       ✅ transform_matrix has non-zero values
2026-05-19T19:38:17 2026-05-19 19:38:16,807 - INFO -    📋 FRAME 2:
2026-05-19T19:38:17 2026-05-19 19:38:16,807 - INFO -       file_path: images/frame_01708.JPG
2026-05-19T19:38:17 2026-05-19 19:38:16,807 - INFO -       ✅ Image file exists: frame_01708.JPG
2026-05-19T19:38:17 2026-05-19 19:38:16,807 - INFO -       ✅ transform_matrix: 4x4 matrix present
2026-05-19T19:38:17 2026-05-19 19:38:16,807 - INFO -       ✅ transform_matrix has non-zero values
2026-05-19T19:38:17 2026-05-19 19:38:16,807 - INFO -    📋 FRAME 3:
2026-05-19T19:38:17 2026-05-19 19:38:16,807 - INFO -       file_path: images/frame_01707.JPG
2026-05-19T19:38:17 2026-05-19 19:38:16,807 - INFO -       ✅ Image file exists: frame_01707.JPG
2026-05-19T19:38:17 2026-05-19 19:38:16,807 - INFO -       ✅ transform_matrix: 4x4 matrix present
2026-05-19T19:38:17 2026-05-19 19:38:16,807 - INFO -       ✅ transform_matrix has non-zero values
2026-05-19T19:38:17 2026-05-19 19:38:16,808 - INFO -    📋 FRAME 4:
2026-05-19T19:38:17 2026-05-19 19:38:16,808 - INFO -       file_path: images/frame_01706.JPG
2026-05-19T19:38:17 2026-05-19 19:38:16,808 - INFO -       ✅ Image file exists: frame_01706.JPG
2026-05-19T19:38:17 2026-05-19 19:38:16,808 - INFO -       ✅ transform_matrix: 4x4 matrix present
2026-05-19T19:38:17 2026-05-19 19:38:16,808 - INFO -       ✅ transform_matrix has non-zero values
2026-05-19T19:38:17 2026-05-19 19:38:16,808 - INFO - 📊 VALIDATION SUMMARY:
2026-05-19T19:38:17 2026-05-19 19:38:16,808 - INFO -    Total frames: 1693
2026-05-19T19:38:17 2026-05-19 19:38:16,808 - INFO -    Valid frames: 5
2026-05-19T19:38:17 2026-05-19 19:38:16,808 - INFO -    Success rate: 0.3%
2026-05-19T19:38:17 2026-05-19 19:38:16,808 - INFO - ✅ transforms.json validation passed
2026-05-19T19:38:17 2026-05-19 19:38:16,809 - INFO - ✅ COLMAP data converted successfully
2026-05-19T19:38:17 2026-05-19 19:38:16,809 - INFO - 📁 Final input directory: /tmp/nerfstudio_training/converted_data
2026-05-19T19:38:17 2026-05-19 19:38:16,813 - INFO - 🔥 Starting NerfStudio training (splatfacto-w-light)
2026-05-19T19:38:17 2026-05-19 19:38:16,813 - INFO - ============================================================
2026-05-19T19:38:17 2026-05-19 19:38:16,814 - INFO - 🎯 Training Configuration:
2026-05-19T19:38:17 2026-05-19 19:38:16,814 - INFO -    Model: splatfacto-w-light
2026-05-19T19:38:17 2026-05-19 19:38:16,814 - INFO -    Max iterations: 30000
2026-05-19T19:38:17 2026-05-19 19:38:16,814 - INFO -    SH degree: 3
2026-05-19T19:38:17 2026-05-19 19:38:16,814 - INFO -    Rasterize mode: classic
2026-05-19T19:38:17 2026-05-19 19:38:16,814 - INFO -    Scale regularization: True
2026-05-19T19:38:17 2026-05-19 19:38:16,814 - INFO -    Cull alpha threshold: 0.12
2026-05-19T19:38:17 2026-05-19 19:38:16,814 - INFO -    Cull scale threshold: 0.35
2026-05-19T19:38:17 2026-05-19 19:38:16,814 - INFO -    Background model: True
2026-05-19T19:38:17 2026-05-19 19:38:16,814 - INFO -    Alpha loss: True
2026-05-19T19:38:17 2026-05-19 19:38:16,814 - INFO -    Robust sky masking: True
2026-05-19T19:38:17 2026-05-19 19:38:16,814 - INFO -    Background SH degree: 8
2026-05-19T19:38:17 2026-05-19 19:38:16,814 - INFO -    Appearance embedding dim: 64
2026-05-19T19:38:17 2026-05-19 19:38:16,814 - INFO -    Log interval: 100
2026-05-19T19:38:17 2026-05-19 19:38:16,814 - INFO -    Dataparser: transforms.json (via ns-process-data conversion)
2026-05-19T19:38:17 2026-05-19 19:38:16,814 - INFO - ℹ️  Bilateral guided processing disabled
2026-05-19T19:38:17 2026-05-19 19:38:16,814 - INFO - 🖥️  A10G GPU optimization enabled (max-gauss-ratio: 10.0)
2026-05-19T19:38:17 2026-05-19 19:38:16,814 - INFO - 🪟 Viewer disabled for headless SageMaker training (--vis tensorboard)
2026-05-19T19:38:17 2026-05-19 19:38:16,815 - INFO - 🚀 Executing NerfStudio training command:
2026-05-19T19:38:17 2026-05-19 19:38:16,815 - INFO -    ns-train splatfacto-w-light --data /tmp/nerfstudio_training/converted_data --output-dir /tmp/nerfstudio_training --vis tensorboard --max_num_iterations 30000 --pipeline.model.sh_degree 3 --logging.steps_per_log 100 --pipeline.model.rasterize_mode classic --pipeline.model.use_scale_regularization True --pipeline.model.cull_alpha_thresh 0.12 --pipeline.model.cull_scale_thresh 0.35 --pipeline.model.enable_bg_model True --pipeline.model.enable_alpha_loss True --pipeline.model.enable_robust_mask True --pipeline.model.bg_sh_degree 8 --pipeline.model.appearance_embed_dim 64 --pipeline.model.never_mask_upper 0.4 --pipeline.model.max-gauss-ratio 10.0
2026-05-19T19:38:17 2026-05-19 19:38:16,815 - INFO - ============================================================
2026-05-19T19:38:17 2026-05-19 19:38:16,815 - INFO - ⏱️  Training timeout: 14400 seconds
2026-05-19T19:38:17 2026-05-19 19:38:16,815 - INFO - 🐍 PYTHONPATH for ns-train: /opt/ml/code:/opt/ml/code:
