2026-05-19T22:46:06 2026-05-19 22:46:06,765 - INFO - ✅ NerfStudio training completed successfully
2026-05-19T22:46:06 2026-05-19 22:46:06,766 - INFO - 📊 Training output:
2026-05-19T22:46:06 2026-05-19 22:46:06,766 - INFO -    29500 (98.33%)      122.284 ms           1 m, 1 s             4.67 M               4.72 M                #033[0m
2026-05-19T22:46:06 2026-05-19 22:46:06,767 - INFO -    29600 (98.67%)      132.728 ms           53 s, 91.087 ms      4.29 M               4.70 M                #033[0m
2026-05-19T22:46:06 2026-05-19 22:46:06,767 - INFO -    29700 (99.00%)      127.608 ms           38 s, 282.422 ms     4.48 M               4.79 M                #033[0m
2026-05-19T22:46:06 2026-05-19 22:46:06,767 - INFO -    29800 (99.33%)      131.004 ms           26 s, 200.891 ms     4.52 M               4.93 M                #033[0m
2026-05-19T22:46:06 2026-05-19 22:46:06,767 - INFO -    29900 (99.67%)      124.594 ms           12 s, 459.364 ms     4.90 M               4.88 M                #033[0m
2026-05-19T22:46:06 2026-05-19 22:46:06,767 - INFO -    29999 (100.00%)                                                                                          #033[0m
2026-05-19T22:46:06 2026-05-19 22:46:06,767 - INFO -    ╭────────────────────────────────────────────── 🎉 Training Finished 🎉 ───────────────────────────────────────────────╮
2026-05-19T22:46:06 2026-05-19 22:46:06,767 - INFO -    │                        ╷                                                                                             │
2026-05-19T22:46:06 2026-05-19 22:46:06,767 - INFO -    │   Config File          │ /tmp/nerfstudio_training/converted_data/splatfacto-w-light/2026-05-19_193829/config.yml     │
2026-05-19T22:46:06 2026-05-19 22:46:06,767 - INFO -    │   Checkpoint Directory │ /tmp/nerfstudio_training/converted_data/splatfacto-w-light/2026-05-19_193829/nerfstudio_…   │
2026-05-19T22:46:06 2026-05-19 22:46:06,767 - INFO -    │                        ╵                                                                                             │
2026-05-19T22:46:06 2026-05-19 22:46:06,767 - INFO -    ╰──────────────────────────────────────────────────────────────────────────────────────────────────────────────────────╯
2026-05-19T22:46:06 2026-05-19 22:46:06,767 - INFO -    Printing profiling stats, from longest to shortest duration in seconds
2026-05-19T22:46:06 2026-05-19 22:46:06,767 - INFO -    VanillaPipeline.get_average_eval_image_metrics: 20.8861
2026-05-19T22:46:06 2026-05-19 22:46:06,767 - INFO -    VanillaPipeline.get_average_image_metrics: 19.6879
2026-05-19T22:46:06 2026-05-19 22:46:06,767 - INFO -    Trainer.train_iteration: 0.3219
2026-05-19T22:46:06 2026-05-19 22:46:06,767 - INFO -    VanillaPipeline.get_train_loss_dict: 0.3078
2026-05-19T22:46:06 2026-05-19 22:46:06,767 - INFO -    VanillaPipeline.get_eval_image_metrics_and_images: 0.1428
2026-05-19T22:46:06 2026-05-19 22:46:06,767 - INFO -    Trainer.eval_iteration: 0.0217
2026-05-19T22:46:06 2026-05-19 22:46:06,767 - INFO - 📦 Exporting trained model artifacts...
2026-05-19T22:46:06 2026-05-19 22:46:06,774 - INFO - 📄 Using config: /tmp/nerfstudio_training/converted_data/splatfacto-w-light/2026-05-19_193829/config.yml
2026-05-19T22:46:24 2026-05-19 22:46:23,189 - INFO - 🌤️ Background camera selection:
2026-05-19T22:46:24 2026-05-19 22:46:23,189 - INFO -    Requested mode: auto_camera
2026-05-19T22:46:24 2026-05-19 22:46:23,190 - INFO -    Resolved mode: camera
2026-05-19T22:46:24 2026-05-19 22:46:23,190 - INFO -    Camera index: 50
2026-05-19T22:46:24 2026-05-19 22:46:23,190 - INFO -    Sampled candidates: 32
2026-05-19T22:46:24 2026-05-19 22:46:23,190 - INFO -    Source image: /tmp/nerfstudio_training/converted_data/images/frame_01660.JPG
2026-05-19T22:46:24 2026-05-19 22:46:23,190 - INFO -    Selection score: 0.7296
2026-05-19T22:46:24 2026-05-19 22:46:23,190 - INFO - 🔄 Executing export command:
2026-05-19T22:46:24 2026-05-19 22:46:23,190 - INFO -    python /opt/ml/code/export_splatfacto_w_assets.py --load-config /tmp/nerfstudio_training/converted_data/splatfacto-w-light/2026-05-19_193829/config.yml --output-dir /opt/ml/model --camera-idx 50 --background-width 2048 --background-height 1024 --background-quality 95 --background-appearance-mode camera
2026-05-19T22:48:44 2026-05-19 22:48:44,161 - INFO - ✅ Model export completed successfully
2026-05-19T22:48:44 2026-05-19 22:48:44,162 - INFO - 📄 PLY file: splat.ply (109.4 MB)
2026-05-19T22:48:44 2026-05-19 22:48:44,162 - INFO - ✅ SOGS-compatible PLY format ready for compression
2026-05-19T22:48:44 2026-05-19 22:48:44,162 - INFO - 🌤️ Background skybox: background_skybox.webp (0.05 MB)
2026-05-19T22:48:55 2026-05-19 22:48:54,957 - INFO - 🧹 Floater pruning summary:
2026-05-19T22:48:55 2026-05-19 22:48:54,957 - INFO -    Evaluated gaussians: 462348
2026-05-19T22:48:55 2026-05-19 22:48:54,957 - INFO -    Low-opacity candidates: 190045
2026-05-19T22:48:55 2026-05-19 22:48:54,957 - INFO -    Removed gaussians: 7
2026-05-19T22:48:55 2026-05-19 22:48:54,957 - INFO -    Remaining gaussians: 462341
2026-05-19T22:48:55 2026-05-19 22:48:54,958 - INFO - 📋 Training metadata generated:
2026-05-19T22:48:55 2026-05-19 22:48:54,958 - INFO -    training_methodology: Spaceport splatfacto-w-light skybox export
2026-05-19T22:48:55 2026-05-19 22:48:54,958 - INFO -    framework: NerfStudio
2026-05-19T22:48:55 2026-05-19 22:48:54,958 - INFO -    model_variant: splatfacto-w-light
2026-05-19T22:48:55 2026-05-19 22:48:54,958 - INFO -    bilateral_guided_processing: False
2026-05-19T22:48:55 2026-05-19 22:48:54,958 - INFO -    sh_degree: 3
2026-05-19T22:48:55 2026-05-19 22:48:54,958 - INFO -    enable_bg_model: True
2026-05-19T22:48:55 2026-05-19 22:48:54,958 - INFO -    enable_alpha_loss: True
2026-05-19T22:48:55 2026-05-19 22:48:54,958 - INFO -    enable_robust_mask: True
2026-05-19T22:48:55 2026-05-19 22:48:54,958 - INFO -    max_iterations: 30000
2026-05-19T22:48:55 2026-05-19 22:48:54,958 - INFO -    commercial_license: Apache 2.0
2026-05-19T22:48:55 2026-05-19 22:48:54,958 - INFO -    sogs_compatible: True
2026-05-19T22:48:55 2026-05-19 22:48:54,958 - INFO -    playcanvas_ready: True
2026-05-19T22:48:55 2026-05-19 22:48:54,958 - INFO -    training_completed: True
2026-05-19T22:48:55 2026-05-19 22:48:54,958 - INFO -    timestamp: 1779230934.9582193
2026-05-19T22:48:55 2026-05-19 22:48:54,958 - INFO -    version: 1.0.0
2026-05-19T22:48:55 2026-05-19 22:48:54,958 - INFO -    output_file: splat.ply
2026-05-19T22:48:55 2026-05-19 22:48:54,958 - INFO -    file_size_mb: 109.35029888153076
2026-05-19T22:48:55 2026-05-19 22:48:54,959 - INFO -    background_skybox: background_skybox.webp
2026-05-19T22:48:55 2026-05-19 22:48:54,959 - INFO -    background_skybox_size_mb: 0.05258941650390625
2026-05-19T22:48:55 2026-05-19 22:48:54,959 - INFO -    background_selection: {'requested_mode': 'auto_camera', 'resolved_mode': 'camera', 'camera_idx': 50, 'image_path': '/tmp/nerfstudio_training/converted_data/images/frame_01660.JPG', 'score': 0.7296118806998818, 'stride': 5, 'max_frames': 32, 'sampled_candidates': 32}
2026-05-19T22:48:55 2026-05-19 22:48:54,959 - INFO -    floater_pruning: {'enabled': True, 'evaluated_gaussians': 462348, 'candidate_gaussians': 190045, 'removed_gaussians': 7, 'remaining_gaussians': 462341, 'sampled_views': 24, 'min_views': 6, 'top_region_ratio': 0.35, 'top_view_fraction': 0.9, 'min_sky_views': 2, 'sky_min_luminance': 0.3, 'sky_min_saturation': 0.08, 'sky_blue_dominance_margin': 0.02, 'max_opacity': 0.75, 'max_color_distance': 0.18, 'min_edge_support': 1, 'patch_size': 9}
2026-05-19T22:49:00 2026-05-19 22:48:59,292 - INFO - 🧹 Temporary files cleaned up
2026-05-19T22:49:00 2026-05-19 22:48:59,292 - INFO - ================================================================================
2026-05-19T22:49:00 2026-05-19 22:48:59,292 - INFO - 🎉 NERFSTUDIO TRAINING PIPELINE COMPLETED SUCCESSFULLY!
2026-05-19T22:49:00 2026-05-19 22:48:59,293 - INFO - ✅ splatfacto-w-light foreground training completed
2026-05-19T22:49:00 2026-05-19 22:48:59,293 - INFO - ✅ SOGS-compatible PLY output generated
2026-05-19T22:49:00 2026-05-19 22:48:59,293 - INFO - ✅ Background skybox baked for the viewer
2026-05-19T22:49:00 2026-05-19 22:48:59,293 - INFO - ✅ Production-ready for PlayCanvas deployment
2026-05-19T22:49:00 2026-05-19 22:48:59,293 - INFO - 📁 Output directory: /opt/ml/model
2026-05-19T22:49:00 2026-05-19 22:48:59,294 - INFO - ================================================================================
2026-05-19T22:49:00 2026-05-19 22:48:59,299 - INFO - ✅ Training pipeline completed successfully
