{
  "ci": {
    "gh_run_list_path": "logs/montana-time-capsule/gh-run-list-agent-40136728-montana-time-capsule-20260521T055517Z.json",
    "gh_run_list_postpush_path": "logs/montana-time-capsule/gh-run-list-agent-40136728-montana-time-capsule-postpush-20260521T055707Z.json"
  },
  "created_at": "2026-05-20T20:15:32Z",
  "dataset": "HMC",
  "first_images": [
    "hmc_0001_DJI_0661.JPG",
    "hmc_0002_DJI_0660.JPG",
    "hmc_0003_DJI_0662.JPG",
    "hmc_0004_DJI_0666.JPG",
    "hmc_0005_DJI_0665.JPG"
  ],
  "input_etag": "ed86661a82b28856997a09f129ce6bec-1031",
  "input_image_count": 2063,
  "input_s3_uri": "s3://spaceport-uploads/1778952912508-hmc-high-mountain-camp-images-flat.zip",
  "input_size_bytes": 8646557673,
  "last_action": "sfm_running",
  "last_cloudwatch_event_at": "2026-05-21T00:01:36.365Z",
  "last_images": [
    "hmc_2059_DJI_0715.JPG",
    "hmc_2060_DJI_0724.JPG",
    "hmc_2061_DJI_0716.JPG",
    "hmc_2062_DJI_0722.JPG",
    "hmc_2063_DJI_0717.JPG"
  ],
  "monitor": {
    "aws_sts_path": "logs/montana-time-capsule/aws-sts-get-caller-identity-20260521T071412Z.json",
    "checked_at": "2026-05-21T07:16:49Z",
    "cloudwatch_describe_log_streams_path": "logs/montana-time-capsule/cloudwatch-describe-log-streams-hmc-mtc-20260520T2015Z-sfm-20260521T071412Z.json",
    "cloudwatch_get_log_events_since6h_path": "logs/montana-time-capsule/cloudwatch-get-log-events-hmc-mtc-20260520T2015Z-sfm-20260521T045458Z-since6h.json",
    "cloudwatch_get_log_events_tail_path": "logs/montana-time-capsule/cloudwatch-get-log-events-hmc-mtc-20260520T2015Z-sfm-20260521T071412Z-tail.json",
    "cloudwatch_tail_since6h_path": "logs/montana-time-capsule/cloudwatch-tail-hmc-mtc-20260520T2015Z-sfm-20260521T013456Z-since6h.log",
    "gh_run_list_exact_head_path": "logs/montana-time-capsule/gh-run-list-exact-head-20260521T071412Z.json",
    "gh_run_list_exact_head_postpush_path": "logs/montana-time-capsule/gh-run-list-exact-head-postpush-20260521T071640Z.json",
    "gh_run_list_path": "logs/montana-time-capsule/gh-run-list-agent-40136728-montana-time-capsule-20260521T071412Z.json",
    "gh_run_list_postpush_path": "logs/montana-time-capsule/gh-run-list-agent-40136728-montana-time-capsule-postpush-20260521T071640Z.json",
    "last_cloudwatch_event_at": "2026-05-21T00:01:36.365000Z",
    "pages_preview_alias_url": "https://agent-40136728-montana-time.v0-spaceport-website-preview2.pages.dev",
    "pages_preview_hash_url": "https://9480e9f2.v0-spaceport-website-preview2.pages.dev",
    "pages_run_log_path": "logs/montana-time-capsule/gh-run-26200368328-pages.txt",
    "s3_head_input_path": "logs/montana-time-capsule/s3-head-spaceport-uploads-1778952912508-hmc-high-mountain-camp-images-flat.zip-20260521T045510Z.json",
    "s3_ls_sfm_output_path": "logs/montana-time-capsule/s3-ls-ml-processing-staging-manual-validations-hmc-mtc-20260520T2015Z-colmap-20260521T071412Z.txt",
    "s3api_list_objects_sfm_output_path": "logs/montana-time-capsule/s3api-list-objects-spaceport-ml-processing-staging-hmc-mtc-20260520T2015Z-colmap-20260521T071412Z.json",
    "sagemaker_describe_path": "logs/montana-time-capsule/sagemaker-describe-hmc-mtc-20260520T2015Z-sfm-20260521T071412Z.json",
    "sagemaker_list_processing_jobs_path": "logs/montana-time-capsule/sagemaker-list-processing-jobs-hmc-mtc-20260520T2015Z-20260521T071412Z.json",
    "sfm_status": "InProgress"
  },
  "profile": "brass-chunked",
  "profile_note": "Exact Brass Lantern chunked SfM image; default reproducible Montana profile.",
  "run_id": "hmc-mtc-20260520T2015Z",
  "sfm_environment": {
    "AWS_DEFAULT_REGION": "us-west-2",
    "COLMAP_CHUNK_MIN_CORE_REGISTERED_RATIO": "0.90",
    "COLMAP_ENABLE_SPATIAL_CHUNKING": "1",
    "PYTHONUNBUFFERED": "1",
    "SFM_BENCHMARK_SUBSET_STRATEGY": "hmc_full_2063_montana_time_capsule",
    "SFM_BRANCH_NAME": "agent-40136728-montana-time-capsule",
    "SFM_GIT_HEAD": "c6e9377759144d46d4b4ee74b75bcf35b30eb3e1",
    "SFM_INPUT_URI": "s3://spaceport-uploads/1778952912508-hmc-high-mountain-camp-images-flat.zip",
    "SFM_JOB_NAME": "hmc-mtc-20260520T2015Z-sfm",
    "SFM_OUTPUT_URI": "s3://spaceport-ml-processing-staging/manual-validations/hmc-mtc-20260520T2015Z/colmap"
  },
  "sfm_image_uri": "975050048887.dkr.ecr.us-west-2.amazonaws.com/spaceport/sfm@sha256:8fe38e3413e09954dcad77b8436c2a04defd20a39bdae1b3df573c504ef98811",
  "sfm_job_name": "hmc-mtc-20260520T2015Z-sfm",
  "sfm_output_s3_uri": "s3://spaceport-ml-processing-staging/manual-validations/hmc-mtc-20260520T2015Z/colmap",
  "sfm_payload": {
    "AppSpecification": {
      "ContainerEntrypoint": [
        "/opt/ml/code/run_sfm.sh"
      ],
      "ImageUri": "975050048887.dkr.ecr.us-west-2.amazonaws.com/spaceport/sfm@sha256:8fe38e3413e09954dcad77b8436c2a04defd20a39bdae1b3df573c504ef98811"
    },
    "Environment": {
      "AWS_DEFAULT_REGION": "us-west-2",
      "COLMAP_CHUNK_MIN_CORE_REGISTERED_RATIO": "0.90",
      "COLMAP_ENABLE_SPATIAL_CHUNKING": "1",
      "PYTHONUNBUFFERED": "1",
      "SFM_BENCHMARK_SUBSET_STRATEGY": "hmc_full_2063_montana_time_capsule",
      "SFM_BRANCH_NAME": "agent-40136728-montana-time-capsule",
      "SFM_GIT_HEAD": "c6e9377759144d46d4b4ee74b75bcf35b30eb3e1",
      "SFM_INPUT_URI": "s3://spaceport-uploads/1778952912508-hmc-high-mountain-camp-images-flat.zip",
      "SFM_JOB_NAME": "hmc-mtc-20260520T2015Z-sfm",
      "SFM_OUTPUT_URI": "s3://spaceport-ml-processing-staging/manual-validations/hmc-mtc-20260520T2015Z/colmap"
    },
    "ProcessingInputs": [
      {
        "InputName": "sfm-input",
        "S3Input": {
          "LocalPath": "/opt/ml/processing/input",
          "S3CompressionType": "None",
          "S3DataDistributionType": "FullyReplicated",
          "S3DataType": "S3Prefix",
          "S3InputMode": "File",
          "S3Uri": "s3://spaceport-uploads/1778952912508-hmc-high-mountain-camp-images-flat.zip"
        }
      }
    ],
    "ProcessingJobName": "hmc-mtc-20260520T2015Z-sfm",
    "ProcessingOutputConfig": {
      "Outputs": [
        {
          "AppManaged": false,
          "OutputName": "colmap-output",
          "S3Output": {
            "LocalPath": "/opt/ml/processing/output",
            "S3UploadMode": "EndOfJob",
            "S3Uri": "s3://spaceport-ml-processing-staging/manual-validations/hmc-mtc-20260520T2015Z/colmap"
          }
        }
      ]
    },
    "ProcessingResources": {
      "ClusterConfig": {
        "InstanceCount": 1,
        "InstanceType": "ml.g4dn.xlarge",
        "VolumeSizeInGB": 100
      }
    },
    "RoleArn": "arn:aws:iam::975050048887:role/Spaceport-SageMaker-Role-staging",
    "StoppingCondition": {
      "MaxRuntimeInSeconds": 86400
    },
    "Tags": [
      {
        "Key": "Project",
        "Value": "Spaceport"
      },
      {
        "Key": "Component",
        "Value": "SfM"
      },
      {
        "Key": "Profile",
        "Value": "montana-time-capsule"
      },
      {
        "Key": "Dataset",
        "Value": "HMC"
      }
    ]
  },
  "sfm_poll": {
    "aws_sts_path": "logs/montana-time-capsule/aws-sts-get-caller-identity-20260521T113416Z.json",
    "cloudwatch_describe_log_streams_path": "logs/montana-time-capsule/cloudwatch-describe-log-streams-hmc-mtc-20260520T2015Z-sfm-20260521T113515Z.json",
    "cloudwatch_get_log_events_head_path": "logs/montana-time-capsule/cloudwatch-get-log-events-hmc-mtc-20260520T2015Z-sfm-20260521T083442Z-head.json",
    "cloudwatch_get_log_events_since2h_path": "logs/montana-time-capsule/cloudwatch-get-log-events-hmc-mtc-20260520T2015Z-sfm_algo-1-1779308230-20260521T055435Z.json",
    "cloudwatch_get_log_events_since6h_path": "logs/montana-time-capsule/cloudwatch-get-log-events-hmc-mtc-20260520T2015Z-sfm-20260521T053439Z-since6h.json",
    "cloudwatch_get_log_events_tail_path": "logs/montana-time-capsule/cloudwatch-get-log-events-hmc-mtc-20260520T2015Z-sfm-20260521T113515Z-tail50.json",
    "gh_run_list_branch_path": "logs/montana-time-capsule/gh-run-list-agent-40136728-montana-time-capsule-postpush-20260521T105811Z.json",
    "gh_run_list_branch_postpush_path": "logs/montana-time-capsule/gh-run-list-agent-40136728-montana-time-capsule-postpush-20260521T083710Z.json",
    "gh_run_list_exact_head_path": "logs/montana-time-capsule/gh-run-list-exact-head-postpush-20260521T105811Z.json",
    "gh_run_list_exact_head_postpush_path": "logs/montana-time-capsule/gh-run-list-exact-head-postpush-20260521T083710Z.json",
    "s3_ls_sfm_output_path": "logs/montana-time-capsule/s3-ls-ml-processing-staging-manual-validations-hmc-mtc-20260520T2015Z-colmap-20260521T113438Z-tail50.txt",
    "s3api_list_objects_sfm_output_path": "logs/montana-time-capsule/s3api-list-objects-spaceport-ml-processing-staging-hmc-mtc-20260520T2015Z-colmap-20260521T083442Z.json",
    "sagemaker_describe_path": "logs/montana-time-capsule/sagemaker-describe-hmc-mtc-20260520T2015Z-sfm-status-20260520T205525Z.json",
    "sagemaker_list_processing_jobs_path": "logs/montana-time-capsule/sagemaker-list-processing-jobs-hmc-mtc-20260520T2015Z-20260521T113416Z.json"
  },
  "sfm_status": "InProgress",
  "status": "sfm_running",
  "updated_at": "2026-05-21T13:56:05Z",
  "zip_entries": 2063
}
