EVENTS	1779133385405	COLMAP[chunk_03_spatial_matcher_recovery] I20260518 19:43:00.355656  8388 pairing.cc:631] Processing image [179/188]	1779133380672
EVENTS	1779133385405	COLMAP[chunk_03_spatial_matcher_recovery] I20260518 19:43:00.477358  8388 feature_matching.cc:217] in 0.122s	1779133380672
EVENTS	1779133385405	COLMAP[chunk_03_spatial_matcher_recovery] I20260518 19:43:00.477418  8388 pairing.cc:631] Processing image [180/188]	1779133380673
EVENTS	1779133385405	COLMAP[chunk_03_spatial_matcher_recovery] I20260518 19:43:00.506271  8388 feature_matching.cc:217] in 0.029s	1779133380673
EVENTS	1779133385405	COLMAP[chunk_03_spatial_matcher_recovery] I20260518 19:43:00.506320  8388 pairing.cc:631] Processing image [181/188]	1779133380673
EVENTS	1779133385405	COLMAP[chunk_03_spatial_matcher_recovery] I20260518 19:43:00.934780  8388 feature_matching.cc:217] in 0.428s	1779133381673
EVENTS	1779133385405	COLMAP[chunk_03_spatial_matcher_recovery] I20260518 19:43:00.934832  8388 pairing.cc:631] Processing image [182/188]	1779133381673
EVENTS	1779133385405	COLMAP[chunk_03_spatial_matcher_recovery] I20260518 19:43:01.509573  8388 feature_matching.cc:217] in 0.575s	1779133381673
EVENTS	1779133385405	COLMAP[chunk_03_spatial_matcher_recovery] I20260518 19:43:01.509621  8388 pairing.cc:631] Processing image [183/188]	1779133381673
EVENTS	1779133385405	COLMAP[chunk_03_spatial_matcher_recovery] I20260518 19:43:01.579879  8388 feature_matching.cc:217] in 0.070s	1779133381673
EVENTS	1779133385405	COLMAP[chunk_03_spatial_matcher_recovery] I20260518 19:43:01.579941  8388 pairing.cc:631] Processing image [184/188]	1779133381673
EVENTS	1779133385405	COLMAP[chunk_03_spatial_matcher_recovery] I20260518 19:43:01.653960  8388 feature_matching.cc:217] in 0.074s	1779133381673
EVENTS	1779133385405	COLMAP[chunk_03_spatial_matcher_recovery] I20260518 19:43:01.654011  8388 pairing.cc:631] Processing image [185/188]	1779133381673
EVENTS	1779133385405	COLMAP[chunk_03_spatial_matcher_recovery] I20260518 19:43:01.934916  8388 feature_matching.cc:217] in 0.281s	1779133382674
EVENTS	1779133385405	COLMAP[chunk_03_spatial_matcher_recovery] I20260518 19:43:01.934994  8388 pairing.cc:631] Processing image [186/188]	1779133382674
EVENTS	1779133385405	COLMAP[chunk_03_spatial_matcher_recovery] I20260518 19:43:01.965960  8388 feature_matching.cc:217] in 0.031s	1779133382674
EVENTS	1779133385405	COLMAP[chunk_03_spatial_matcher_recovery] I20260518 19:43:01.966014  8388 pairing.cc:631] Processing image [187/188]	1779133382674
EVENTS	1779133385405	COLMAP[chunk_03_spatial_matcher_recovery] I20260518 19:43:01.966246  8388 feature_matching.cc:217] in 0.000s	1779133382674
EVENTS	1779133385405	COLMAP[chunk_03_spatial_matcher_recovery] I20260518 19:43:01.966269  8388 pairing.cc:631] Processing image [188/188]	1779133382674
EVENTS	1779133385405	COLMAP[chunk_03_spatial_matcher_recovery] I20260518 19:43:02.039955  8388 feature_matching.cc:217] in 0.074s	1779133382674
EVENTS	1779133385405	COLMAP[chunk_03_spatial_matcher_recovery] I20260518 19:43:02.040001  8388 timer.cc:90] Elapsed time: 1.186 [minutes]	1779133382674
EVENTS	1779133385405	2026-05-18 19:43:02,116 - INFO - chunk_03_spatial_matcher_recovery added 673 verified image pairs	1779133382674
EVENTS	1779133385405	2026-05-18 19:43:02,123 - INFO - Building a FAISS-compatible vocab tree with 8192 visual words from up to 100000 descriptors	1779133382674
EVENTS	1779133385405	2026-05-18 19:43:02,123 - INFO - [vocab_tree_builder] colmap vocab_tree_builder --database_path /tmp/colmap_sfm_rcnmny4o/chunk_03/database.db --vocab_tree_path /tmp/colmap_sfm_rcnmny4o/vocab_tree_faiss.bin --num_visual_words 8192 --max_num_images 40	1779133382674
EVENTS	1779133385405	COLMAP[vocab_tree_builder] E20260518 19:43:02.277236  8430 base_option_manager.cc:264] Failed to parse options - unrecognised option '--max_num_images'.	1779133382674
EVENTS	1779133385405	2026-05-18 19:43:02,291 - WARNING - vocab_tree_builder rejected --max_num_images; retrying with older COLMAP-compatible flags	1779133382674
EVENTS	1779133385405	2026-05-18 19:43:02,291 - INFO - [vocab_tree_builder] colmap vocab_tree_builder --database_path /tmp/colmap_sfm_rcnmny4o/chunk_03/database.db --vocab_tree_path /tmp/colmap_sfm_rcnmny4o/vocab_tree_faiss.bin --num_visual_words 8192	1779133382674
EVENTS	1779133385405	COLMAP[vocab_tree_builder] I20260518 19:43:02.443851  8438 vocab_tree.cc:85] Loading descriptors...	1779133382674
EVENTS	1779133385405	COLMAP[vocab_tree_builder] I20260518 19:43:03.309763  8438 vocab_tree.cc:88] => Loaded a total of 1904336 descriptors	1779133383674
EVENTS	1779133385405	COLMAP[vocab_tree_builder] I20260518 19:43:03.309823  8438 vocab_tree.cc:94] Building index for visual words...	1779133383674
