{
  "created_at": "2026-05-18T17:29:48Z",
  "dataset": "CV-HR",
  "first_images": [
    "DJI_00001.JPG",
    "DJI_00002.JPG",
    "DJI_00003.JPG",
    "DJI_00004.JPG",
    "DJI_00005.JPG"
  ],
  "input_etag": "3a18e20f13027204f59bd6f1df77b983-827",
  "input_image_count": 1710,
  "input_s3_uri": "s3://spaceport-uploads-staging/1779123600000-cvhr-Archive.zip",
  "input_size_bytes": 6931098350,
  "last_action": "sfm_running",
  "last_images": [
    "DJI_01706.JPG",
    "DJI_01707.JPG",
    "DJI_01708.JPG",
    "DJI_01709.JPG",
    "DJI_01710.JPG"
  ],
  "profile": "brass-chunked",
  "profile_note": "Exact Brass Lantern chunked SfM image; default reproducible Montana profile.",
  "run_id": "cvhr-mtc-20260518T1729Z",
  "sfm_environment": {
    "AWS_DEFAULT_REGION": "us-west-2",
    "COLMAP_CHUNK_MIN_CORE_REGISTERED_RATIO": "0.90",
    "COLMAP_ENABLE_SPATIAL_CHUNKING": "1",
    "PYTHONUNBUFFERED": "1",
    "SFM_BENCHMARK_SUBSET_STRATEGY": "cv_hr_full_1710_montana_time_capsule",
    "SFM_BRANCH_NAME": "agent-40136728-montana-time-capsule",
    "SFM_GIT_HEAD": "1b264bc2ac6be3bf34ca06582895f7f750e9a442",
    "SFM_INPUT_URI": "s3://spaceport-uploads-staging/1779123600000-cvhr-Archive.zip",
    "SFM_JOB_NAME": "cvhr-mtc-20260518T1729Z-sfm",
    "SFM_OUTPUT_URI": "s3://spaceport-ml-processing-staging/manual-validations/cvhr-mtc-20260518T1729Z/colmap"
  },
  "sfm_image_uri": "975050048887.dkr.ecr.us-west-2.amazonaws.com/spaceport/sfm@sha256:8fe38e3413e09954dcad77b8436c2a04defd20a39bdae1b3df573c504ef98811",
  "sfm_job_name": "cvhr-mtc-20260518T1729Z-sfm",
  "sfm_output_s3_uri": "s3://spaceport-ml-processing-staging/manual-validations/cvhr-mtc-20260518T1729Z/colmap",
  "sfm_payload": {
    "AppSpecification": {
      "ContainerEntrypoint": [
        "/opt/ml/code/run_sfm.sh"
      ],
      "ImageUri": "975050048887.dkr.ecr.us-west-2.amazonaws.com/spaceport/sfm@sha256:8fe38e3413e09954dcad77b8436c2a04defd20a39bdae1b3df573c504ef98811"
    },
    "Environment": {
      "AWS_DEFAULT_REGION": "us-west-2",
      "COLMAP_CHUNK_MIN_CORE_REGISTERED_RATIO": "0.90",
      "COLMAP_ENABLE_SPATIAL_CHUNKING": "1",
      "PYTHONUNBUFFERED": "1",
      "SFM_BENCHMARK_SUBSET_STRATEGY": "cv_hr_full_1710_montana_time_capsule",
      "SFM_BRANCH_NAME": "agent-40136728-montana-time-capsule",
      "SFM_GIT_HEAD": "1b264bc2ac6be3bf34ca06582895f7f750e9a442",
      "SFM_INPUT_URI": "s3://spaceport-uploads-staging/1779123600000-cvhr-Archive.zip",
      "SFM_JOB_NAME": "cvhr-mtc-20260518T1729Z-sfm",
      "SFM_OUTPUT_URI": "s3://spaceport-ml-processing-staging/manual-validations/cvhr-mtc-20260518T1729Z/colmap"
    },
    "ProcessingInputs": [
      {
        "InputName": "sfm-input",
        "S3Input": {
          "LocalPath": "/opt/ml/processing/input",
          "S3CompressionType": "None",
          "S3DataDistributionType": "FullyReplicated",
          "S3DataType": "S3Prefix",
          "S3InputMode": "File",
          "S3Uri": "s3://spaceport-uploads-staging/1779123600000-cvhr-Archive.zip"
        }
      }
    ],
    "ProcessingJobName": "cvhr-mtc-20260518T1729Z-sfm",
    "ProcessingOutputConfig": {
      "Outputs": [
        {
          "AppManaged": false,
          "OutputName": "colmap-output",
          "S3Output": {
            "LocalPath": "/opt/ml/processing/output",
            "S3UploadMode": "EndOfJob",
            "S3Uri": "s3://spaceport-ml-processing-staging/manual-validations/cvhr-mtc-20260518T1729Z/colmap"
          }
        }
      ]
    },
    "ProcessingResources": {
      "ClusterConfig": {
        "InstanceCount": 1,
        "InstanceType": "ml.g4dn.xlarge",
        "VolumeSizeInGB": 100
      }
    },
    "RoleArn": "arn:aws:iam::975050048887:role/Spaceport-SageMaker-Role-staging",
    "StoppingCondition": {
      "MaxRuntimeInSeconds": 86400
    },
    "Tags": [
      {
        "Key": "Project",
        "Value": "Spaceport"
      },
      {
        "Key": "Component",
        "Value": "SfM"
      },
      {
        "Key": "Profile",
        "Value": "montana-time-capsule"
      },
      {
        "Key": "Dataset",
        "Value": "CV-HR"
      }
    ]
  },
  "sfm_status": "InProgress",
  "status": "sfm_running",
  "updated_at": "2026-05-18T18:47:54Z",
  "zip_entries": 1710
}
