{
  "3dgs_environment": {
    "APPEARANCE_EMBED_DIM": "64",
    "AWS_DEFAULT_REGION": "us-west-2",
    "BACKGROUND_APPEARANCE_MODE": "auto_camera",
    "BACKGROUND_SELECTION_MAX_FRAMES": "32",
    "BACKGROUND_SELECTION_STRIDE": "5",
    "BACKGROUND_SKYBOX_HEIGHT": "1024",
    "BACKGROUND_SKYBOX_QUALITY": "95",
    "BACKGROUND_SKYBOX_WIDTH": "2048",
    "BG_SH_DEGREE": "8",
    "BILATERAL_PROCESSING": "false",
    "COMMERCIAL_LICENSE": "true",
    "CUDA_HOME": "/usr/local/cuda",
    "CULL_ALPHA_THRESH": "0.12",
    "CULL_SCALE_THRESH": "0.35",
    "ENABLE_ALPHA_LOSS": "true",
    "ENABLE_BG_MODEL": "true",
    "ENABLE_ROBUST_MASK": "true",
    "FLOATER_PRUNING_ENABLED": "true",
    "FLOATER_PRUNING_MAX_COLOR_DISTANCE": "0.18",
    "FLOATER_PRUNING_MAX_OPACITY": "0.75",
    "FLOATER_PRUNING_MIN_EDGE_SUPPORT": "1",
    "FLOATER_PRUNING_MIN_SKY_VIEWS": "2",
    "FLOATER_PRUNING_MIN_VIEWS": "6",
    "FLOATER_PRUNING_SKY_BLUE_DOMINANCE_MARGIN": "0.02",
    "FLOATER_PRUNING_SKY_MIN_LUMINANCE": "0.3",
    "FLOATER_PRUNING_SKY_MIN_SATURATION": "0.08",
    "FLOATER_PRUNING_TOP_REGION_RATIO": "0.35",
    "FLOATER_PRUNING_TOP_VIEW_FRACTION": "0.9",
    "FRAMEWORK": "nerfstudio",
    "LD_LIBRARY_PATH": "/usr/local/cuda/lib64:/usr/local/cuda/lib",
    "LIBRARY_PATH": "/usr/local/cuda/lib64:/usr/local/cuda/lib",
    "LICENSE": "apache_2_0",
    "LOG_INTERVAL": "100",
    "MAX_ITERATIONS": "30000",
    "MAX_NUM_GAUSSIANS": "1500000",
    "MEMORY_OPTIMIZATION": "true",
    "METHODOLOGY": "spaceport_splatfacto_w_light_skybox",
    "MODEL_VARIANT": "splatfacto-w-light",
    "NEVER_MASK_UPPER": "0.4",
    "OUTPUT_FORMAT": "ply",
    "PYTHONUNBUFFERED": "1",
    "RASTERIZE_MODE": "classic",
    "SAGEMAKER_PROGRAM": "train.py",
    "SH_DEGREE": "3",
    "SOGS_COMPATIBLE": "true",
    "TARGET_PSNR": "35.0",
    "TORCH_CUDA_ARCH_LIST": "8.0 8.6",
    "TRAINING_TIMEOUT_SECONDS": "14400",
    "USE_SCALE_REGULARIZATION": "true"
  },
  "3dgs_image_uri": "975050048887.dkr.ecr.us-west-2.amazonaws.com/spaceport/3dgs@sha256:482c1789b2d885beccf351b68d50e4b8135c43d5921c2379b0ba5fb152ed15db",
  "3dgs_job_name": "cvhr-mtc-secondary-20260518t2113z-3dgs",
  "3dgs_payload": {
    "AlgorithmSpecification": {
      "TrainingImage": "975050048887.dkr.ecr.us-west-2.amazonaws.com/spaceport/3dgs@sha256:482c1789b2d885beccf351b68d50e4b8135c43d5921c2379b0ba5fb152ed15db",
      "TrainingInputMode": "File"
    },
    "Environment": {
      "APPEARANCE_EMBED_DIM": "64",
      "AWS_DEFAULT_REGION": "us-west-2",
      "BACKGROUND_APPEARANCE_MODE": "auto_camera",
      "BACKGROUND_SELECTION_MAX_FRAMES": "32",
      "BACKGROUND_SELECTION_STRIDE": "5",
      "BACKGROUND_SKYBOX_HEIGHT": "1024",
      "BACKGROUND_SKYBOX_QUALITY": "95",
      "BACKGROUND_SKYBOX_WIDTH": "2048",
      "BG_SH_DEGREE": "8",
      "BILATERAL_PROCESSING": "false",
      "COMMERCIAL_LICENSE": "true",
      "CUDA_HOME": "/usr/local/cuda",
      "CULL_ALPHA_THRESH": "0.12",
      "CULL_SCALE_THRESH": "0.35",
      "ENABLE_ALPHA_LOSS": "true",
      "ENABLE_BG_MODEL": "true",
      "ENABLE_ROBUST_MASK": "true",
      "FLOATER_PRUNING_ENABLED": "true",
      "FLOATER_PRUNING_MAX_COLOR_DISTANCE": "0.18",
      "FLOATER_PRUNING_MAX_OPACITY": "0.75",
      "FLOATER_PRUNING_MIN_EDGE_SUPPORT": "1",
      "FLOATER_PRUNING_MIN_SKY_VIEWS": "2",
      "FLOATER_PRUNING_MIN_VIEWS": "6",
      "FLOATER_PRUNING_SKY_BLUE_DOMINANCE_MARGIN": "0.02",
      "FLOATER_PRUNING_SKY_MIN_LUMINANCE": "0.3",
      "FLOATER_PRUNING_SKY_MIN_SATURATION": "0.08",
      "FLOATER_PRUNING_TOP_REGION_RATIO": "0.35",
      "FLOATER_PRUNING_TOP_VIEW_FRACTION": "0.9",
      "FRAMEWORK": "nerfstudio",
      "LD_LIBRARY_PATH": "/usr/local/cuda/lib64:/usr/local/cuda/lib",
      "LIBRARY_PATH": "/usr/local/cuda/lib64:/usr/local/cuda/lib",
      "LICENSE": "apache_2_0",
      "LOG_INTERVAL": "100",
      "MAX_ITERATIONS": "30000",
      "MAX_NUM_GAUSSIANS": "1500000",
      "MEMORY_OPTIMIZATION": "true",
      "METHODOLOGY": "spaceport_splatfacto_w_light_skybox",
      "MODEL_VARIANT": "splatfacto-w-light",
      "NEVER_MASK_UPPER": "0.4",
      "OUTPUT_FORMAT": "ply",
      "PYTHONUNBUFFERED": "1",
      "RASTERIZE_MODE": "classic",
      "SAGEMAKER_PROGRAM": "train.py",
      "SH_DEGREE": "3",
      "SOGS_COMPATIBLE": "true",
      "TARGET_PSNR": "35.0",
      "TORCH_CUDA_ARCH_LIST": "8.0 8.6",
      "TRAINING_TIMEOUT_SECONDS": "14400",
      "USE_SCALE_REGULARIZATION": "true"
    },
    "InputDataConfig": [
      {
        "ChannelName": "training",
        "DataSource": {
          "S3DataSource": {
            "S3DataDistributionType": "FullyReplicated",
            "S3DataType": "S3Prefix",
            "S3Uri": "s3://spaceport-ml-processing-staging/manual-validations/cvhr-secondary-20260518t2113z/colmap"
          }
        }
      }
    ],
    "OutputDataConfig": {
      "S3OutputPath": "s3://spaceport-ml-processing-staging/3dgs/cvhr-mtc-secondary-20260518t2113z/"
    },
    "ResourceConfig": {
      "InstanceCount": 1,
      "InstanceType": "ml.g5.2xlarge",
      "VolumeSizeInGB": 100
    },
    "RoleArn": "arn:aws:iam::975050048887:role/Spaceport-SageMaker-Role-staging",
    "StoppingCondition": {
      "MaxRuntimeInSeconds": 14400
    },
    "Tags": [
      {
        "Key": "Project",
        "Value": "Spaceport"
      },
      {
        "Key": "Component",
        "Value": "3DGS"
      },
      {
        "Key": "Profile",
        "Value": "montana-time-capsule"
      },
      {
        "Key": "Dataset",
        "Value": "CV-HR"
      }
    ],
    "TrainingJobName": "cvhr-mtc-secondary-20260518t2113z-3dgs"
  },
  "3dgs_status": "InProgress",
  "canonical_sfm_job_name": "cvhr-mtc-20260518T1729Z-sfm",
  "canonical_sfm_output_s3_uri": "s3://spaceport-ml-processing-staging/manual-validations/cvhr-mtc-20260518T1729Z/colmap",
  "canonical_sfm_status": "Stopped",
  "created_at": "2026-05-18T17:29:48Z",
  "dataset": "CV-HR",
  "first_images": [
    "DJI_00001.JPG",
    "DJI_00002.JPG",
    "DJI_00003.JPG",
    "DJI_00004.JPG",
    "DJI_00005.JPG"
  ],
  "gaussian_model_artifact_s3_uri": "s3://spaceport-ml-processing-staging/3dgs/cvhr-mtc-secondary-20260518t2113z/cvhr-mtc-secondary-20260518t2113z-3dgs/output/model.tar.gz",
  "gaussian_output_s3_uri": "s3://spaceport-ml-processing-staging/3dgs/cvhr-mtc-secondary-20260518t2113z/",
  "input_etag": "3a18e20f13027204f59bd6f1df77b983-827",
  "input_image_count": 1710,
  "input_s3_uri": "s3://spaceport-uploads-staging/1779123600000-cvhr-Archive.zip",
  "input_size_bytes": 6931098350,
  "last_action": "3dgs_running",
  "last_images": [
    "DJI_01706.JPG",
    "DJI_01707.JPG",
    "DJI_01708.JPG",
    "DJI_01709.JPG",
    "DJI_01710.JPG"
  ],
  "profile": "brass-chunked",
  "profile_note": "Exact Brass Lantern chunked SfM image; default reproducible Montana profile.",
  "run_id": "cvhr-mtc-secondary-20260518t2113z",
  "secondary_sfm_image_uri": "975050048887.dkr.ecr.us-west-2.amazonaws.com/spaceport/sfm@sha256:8fe38e3413e09954dcad77b8436c2a04defd20a39bdae1b3df573c504ef98811",
  "secondary_sfm_job_name": "cvhr-secondary-20260518t2113z-sfm",
  "secondary_sfm_observed_at": "2026-05-19T20:43:26Z",
  "secondary_sfm_output_s3_uri": "s3://spaceport-ml-processing-staging/manual-validations/cvhr-secondary-20260518t2113z/colmap",
  "secondary_sfm_owner_branch": "agent-73910482-cvhr-parallel-splat",
  "secondary_sfm_status": "Completed",
  "sfm_environment": {
    "AWS_DEFAULT_REGION": "us-west-2",
    "COLMAP_CHUNK_MIN_CORE_REGISTERED_RATIO": "0.90",
    "COLMAP_ENABLE_SPATIAL_CHUNKING": "1",
    "PYTHONUNBUFFERED": "1",
    "SFM_BENCHMARK_SUBSET_STRATEGY": "cv_hr_full_1710_montana_time_capsule",
    "SFM_BRANCH_NAME": "agent-73910482-cvhr-parallel-splat",
    "SFM_GIT_HEAD": "0b60d8bf9e7e4355bd46001dcd61387b327a8e5a",
    "SFM_INPUT_URI": "s3://spaceport-uploads-staging/1779123600000-cvhr-Archive.zip",
    "SFM_JOB_NAME": "cvhr-secondary-20260518t2113z-sfm",
    "SFM_OUTPUT_URI": "s3://spaceport-ml-processing-staging/manual-validations/cvhr-secondary-20260518t2113z/colmap"
  },
  "sfm_image_uri": "975050048887.dkr.ecr.us-west-2.amazonaws.com/spaceport/sfm@sha256:8fe38e3413e09954dcad77b8436c2a04defd20a39bdae1b3df573c504ef98811",
  "sfm_job_name": "cvhr-secondary-20260518t2113z-sfm",
  "sfm_output_s3_uri": "s3://spaceport-ml-processing-staging/manual-validations/cvhr-secondary-20260518t2113z/colmap",
  "sfm_output_verification": {
    "cloudwatch_log": "logs/montana-time-capsule/cloudwatch-tail-cvhr-secondary-20260518t2113z-sfm-20260519T1923Z.log",
    "copied_images": 1710,
    "points3d": 1329830,
    "registered_images": 1693,
    "s3_listing": "logs/montana-time-capsule/s3-colmap-cvhr-secondary-20260518t2113z-20260519T1923Z.txt",
    "s3_total_objects": 1717,
    "s3_total_size": 10379523417,
    "sagemaker_status_at_adoption": "InProgress",
    "source": "secondary exact-Brass SfM output adopted after canonical stopped",
    "sparse_s3_listing": "logs/montana-time-capsule/s3api-colmap-sparse-cvhr-secondary-20260518t2113z-20260519T1923Z.json",
    "verified_at": "2026-05-19T19:23:25Z"
  },
  "sfm_output_verified": true,
  "sfm_payload": {
    "AppSpecification": {
      "ContainerEntrypoint": [
        "/opt/ml/code/run_sfm.sh"
      ],
      "ImageUri": "975050048887.dkr.ecr.us-west-2.amazonaws.com/spaceport/sfm@sha256:8fe38e3413e09954dcad77b8436c2a04defd20a39bdae1b3df573c504ef98811"
    },
    "Environment": {
      "AWS_DEFAULT_REGION": "us-west-2",
      "COLMAP_CHUNK_MIN_CORE_REGISTERED_RATIO": "0.90",
      "COLMAP_ENABLE_SPATIAL_CHUNKING": "1",
      "PYTHONUNBUFFERED": "1",
      "SFM_BENCHMARK_SUBSET_STRATEGY": "cv_hr_full_1710_montana_time_capsule",
      "SFM_BRANCH_NAME": "agent-40136728-montana-time-capsule",
      "SFM_GIT_HEAD": "1b264bc2ac6be3bf34ca06582895f7f750e9a442",
      "SFM_INPUT_URI": "s3://spaceport-uploads-staging/1779123600000-cvhr-Archive.zip",
      "SFM_JOB_NAME": "cvhr-mtc-20260518T1729Z-sfm",
      "SFM_OUTPUT_URI": "s3://spaceport-ml-processing-staging/manual-validations/cvhr-mtc-20260518T1729Z/colmap"
    },
    "ProcessingInputs": [
      {
        "InputName": "sfm-input",
        "S3Input": {
          "LocalPath": "/opt/ml/processing/input",
          "S3CompressionType": "None",
          "S3DataDistributionType": "FullyReplicated",
          "S3DataType": "S3Prefix",
          "S3InputMode": "File",
          "S3Uri": "s3://spaceport-uploads-staging/1779123600000-cvhr-Archive.zip"
        }
      }
    ],
    "ProcessingJobName": "cvhr-mtc-20260518T1729Z-sfm",
    "ProcessingOutputConfig": {
      "Outputs": [
        {
          "AppManaged": false,
          "OutputName": "colmap-output",
          "S3Output": {
            "LocalPath": "/opt/ml/processing/output",
            "S3UploadMode": "EndOfJob",
            "S3Uri": "s3://spaceport-ml-processing-staging/manual-validations/cvhr-mtc-20260518T1729Z/colmap"
          }
        }
      ]
    },
    "ProcessingResources": {
      "ClusterConfig": {
        "InstanceCount": 1,
        "InstanceType": "ml.g4dn.xlarge",
        "VolumeSizeInGB": 100
      }
    },
    "RoleArn": "arn:aws:iam::975050048887:role/Spaceport-SageMaker-Role-staging",
    "StoppingCondition": {
      "MaxRuntimeInSeconds": 86400
    },
    "Tags": [
      {
        "Key": "Project",
        "Value": "Spaceport"
      },
      {
        "Key": "Component",
        "Value": "SfM"
      },
      {
        "Key": "Profile",
        "Value": "montana-time-capsule"
      },
      {
        "Key": "Dataset",
        "Value": "CV-HR"
      }
    ]
  },
  "sfm_status": "Completed",
  "status": "3dgs_running",
  "updated_at": "2026-05-19T21:44:31Z",
  "zip_entries": 1710
}
