Completed 256.0 KiB/299.8 KiB (765.7 KiB/s) with 1 file(s) remainingCompleted 299.8 KiB/299.8 KiB (687.8 KiB/s) with 1 file(s) remainingupload: ../../../../var/folders/rl/60hgx6_j38v9r57h3sxmg0sc0000gn/T/3dgs-tile-selection-p6a1vmu2/3dgs_tile_manifest.json to s3://spaceport-ml-processing-staging/manual-validations/md1-r0vissent-v5densityrelaxed-20260515/inputs/tile-selection/3dgs_tile_manifest.json
Completed 20.6 KiB/20.6 KiB (122.6 KiB/s) with 1 file(s) remainingupload: ../../../../var/folders/rl/60hgx6_j38v9r57h3sxmg0sc0000gn/T/3dgs-tile-selection-p6a1vmu2/3dgs_view_buckets.json to s3://spaceport-ml-processing-staging/manual-validations/md1-r0vissent-v5densityrelaxed-20260515/inputs/tile-selection/3dgs_view_buckets.json
{
    "TrainingJobArn": "arn:aws:sagemaker:us-west-2:975050048887:training-job/md1-r0vissent-v5relax-1778837840-tile-04"
}
{
  "branch": "agent-90742618-md1-geometry-consistency",
  "experiment_id": "md1-r0-visual-sentinel-v5-density-relaxed-20260515",
  "stack_name": null,
  "image_uri": "975050048887.dkr.ecr.us-west-2.amazonaws.com/spaceport/3dgs:agent90742618md1geometryconsistency",
  "input_colmap_s3_uri": "s3://spaceport-ml-processing-staging/manual-validations/md1p24e752k-1776314974/colmap",
  "tile_manifest_s3_uri": "s3://spaceport-ml-processing-staging/manual-validations/md1p24e752k-1776314974/colmap/3dgs_tile_manifest.json",
  "view_bucket_s3_uri": "s3://spaceport-ml-processing-staging/manual-validations/md1p24e752k-1776314974/colmap/3dgs_view_buckets.json",
  "tile_manifest_json_override": "",
  "view_bucket_json_override": "",
  "tile_selection_input_s3_uri": "s3://spaceport-ml-processing-staging/manual-validations/md1-r0vissent-v5densityrelaxed-20260515/inputs/tile-selection",
  "tile_selection_channel_dir": "/opt/ml/input/data/tile-selection",
  "chunk_planner_s3_uri": "s3://spaceport-ml-processing-staging/manual-validations/md1p24e752k-1776314974/colmap/chunk_planner_manifest.json",
  "sfm_metadata_s3_uri": "s3://spaceport-ml-processing-staging/manual-validations/md1p24e752k-1776314974/colmap/sfm_metadata.json",
  "manifest_resolution": {
    "source_mode": "chunk_planner_synthesized_v1",
    "chunk_planner_available": true,
    "native_tile_manifest_available": false,
    "native_view_buckets_available": false,
    "ownership_bounds_available": true,
    "tile_count": 14,
    "scaffold_count": 240
  },
  "prior_tile_stats_json": "",
  "prior_tile_stats_tile_count": 0,
  "selected_tile_ids": [
    "tile_04"
  ],
  "downscale_factor": 1,
  "proof_profile": "none",
  "training_max_runtime_seconds": 3600,
  "leaf_reference_splat_counts": {
    "tile_04": 956277
  },
  "leaf_max_reference_splat_ratio": 1.35,
  "leaf_min_reference_splat_ratio": 0.8,
  "unused_leaf_reference_splat_counts": {},
  "post_leaf_preflight_gates": [
    {
      "tile_id": "tile_04",
      "stage_name": "T0_tile_04",
      "job_name": "md1-r0vissent-v5relax-1778837840-tile-04",
      "artifact_uri": "s3://spaceport-ml-processing-staging/manual-validations/md1-r0vissent-v5densityrelaxed-20260515/tiles/tile_04/md1-r0vissent-v5relax-1778837840-tile-04/output/model.tar.gz",
      "reference_splat_count": 956277,
      "max_reference_splat_ratio": 1.35,
      "min_reference_splat_ratio": 0.8,
      "hard_max_splat_count": 1290973,
      "hard_min_splat_count": 765021,
      "expected_selected_image_count": 188,
      "effective_selected_image_count": 188,
      "selected_image_count": 188,
      "max_selected_images": 188,
      "required_leaf_preflight_gate": {
        "pass_decision": "leaf_preflight_passed_cache_candidate",
        "reference_splat_count": 956277,
        "max_reference_splat_ratio": 1.35,
        "min_reference_splat_ratio": 0.8,
        "hard_max_splat_count": 1290973,
        "hard_min_splat_count": 765021,
        "require_filtered_scaffold": true,
        "expected_selected_image_count": 188
      },
      "preflight_summary_json": "logs/md1-r0-visual-sentinel-v5-density-relaxed-20260515-tile_04-leaf-preflight.json",
      "gate_summary_json": "logs/md1-r0-visual-sentinel-v5-density-relaxed-20260515-tile_04-leaf-gate.json",
      "preflight_command": [
        "python3",
        "scripts/3dgs/preflight_leaf_model_artifact.py",
        "--artifact-uri",
        "s3://spaceport-ml-processing-staging/manual-validations/md1-r0vissent-v5densityrelaxed-20260515/tiles/tile_04/md1-r0vissent-v5relax-1778837840-tile-04/output/model.tar.gz",
        "--tile-id",
        "tile_04",
        "--job-name",
        "md1-r0vissent-v5relax-1778837840-tile-04",
        "--output-dir",
        "logs/md1-r0-visual-sentinel-v5-density-relaxed-20260515-tile_04-leaf-preflight",
        "--summary-json-output",
        "logs/md1-r0-visual-sentinel-v5-density-relaxed-20260515-tile_04-leaf-preflight.json",
        "--reference-splat-count",
        "956277",
        "--max-reference-splat-ratio",
        "1.35",
        "--min-reference-splat-ratio",
        "0.8"
      ],
      "enforce_gate_command": [
        "python3",
        "scripts/3dgs/enforce_leaf_preflight_gate.py",
        "--preflight-json",
        "logs/md1-r0-visual-sentinel-v5-density-relaxed-20260515-tile_04-leaf-preflight.json",
        "--gate-json",
        "logs/md1-r0-visual-sentinel-v5-density-relaxed-leaf-submit-head7527-wait-20260515.json",
        "--expected-tile-id",
        "tile_04",
        "--expected-selected-image-count",
        "188",
        "--require-filtered-scaffold",
        "--summary-json-output",
        "logs/md1-r0-visual-sentinel-v5-density-relaxed-20260515-tile_04-leaf-gate.json"
      ],
      "merge_review_allowed_only_if": "enforce_gate_command exits 0"
    }
  ],
  "compatibility_gate": false,
  "suppress_training_eval": false,
  "merge_mode": "strict_core",
  "scaffold_artifact_s3_uri": "s3://spaceport-ml-processing-staging/manual-validations/md1-geometry-consistency-r4-teacher-r3base-r4h-tile00-factor4-v3-20260426201700/output/artifact/model.tar.gz",
  "tile_budget_mode": "fixed",
  "max_images_per_tile": 188,
  "max_tile_concurrency": 1,
  "reuse_tile_cache": false,
  "tile_cache_manifest_json": "",
  "tile_cache_entry_count": 0,
  "enable_context_density_reuse": false,
  "context_density_manifest_json": "",
  "context_density_entry_count": 0,
  "enable_spot": false,
  "spot_max_wait_seconds": 0,
  "max_spot_extra_wait_seconds": 1800,
  "enable_checkpoints": true,
  "checkpoint_s3_prefix": "s3://spaceport-ml-processing-staging/manual-validations/md1-r0-visual-sentinel-v5-density-relaxed-20260515/checkpoints",
  "checkpoint_resume_s3_uri": "",
  "checkpoint_resume_manifest_s3_uri": "",
  "checkpoint_resume_start_step": null,
  "checkpoint_resume_extra_iterations": 0,
  "checkpoint_resume_iteration_extensions": [],
  "checkpoint_save_steps": 1500,
  "max_estimated_usd": 0.75,
  "production_rung_gate_json": "",
  "production_rung_gate": {},
  "review_camera_manifest_s3_uri": "",
  "baseline_review_manifest_s3_uri": "",
  "v18_review_manifest_s3_uri": "s3://spaceport-ml-processing-staging/manual-validations/md1-cost-reduction-v18-reference-20260501/v18-promotion-review",
  "v18_non_regression_thresholds": {
    "median_psnr_min_delta": -0.25,
    "median_ssim_min_delta": -0.005,
    "median_lpips_max_delta": 0.01,
    "single_camera_psnr_min_delta": -0.75,
    "single_camera_lpips_max_delta": 0.025,
    "horizon_sky_score_min_ratio": 0.98
  },
  "visual_qa_plan": {
    "required": true,
    "ai_review_required": true,
    "review_after": "post_leaf_gate_and_merge_review_preflight",
    "required_assets": [
      "reference_image",
      "merged_render",
      "merged_no_background_render",
      "diff_heatmap",
      "side_by_side_panel"
    ],
    "gate_command": "python3 scripts/3dgs/evaluate_md1_visual_qa_gate.py --visual-qa-manifest <extracted>/visual_qa_manifest.json --asset-root <extracted> --ai-review-json <ai-review.json>",
    "blocking_defect_categories": [
      "geometry_alignment",
      "horizon_or_sky",
      "texture_blur_or_smear",
      "color_or_exposure",
      "boundary_discontinuity"
    ],
    "v18_reference_manifest_s3_uri": "s3://spaceport-ml-processing-staging/manual-validations/md1-cost-reduction-v18-reference-20260501/v18-promotion-review"
  },
  "viewer_smoke_plan": {
    "required": true,
    "run_after": "visual_qa_ready",
    "viewer_route": "/md1-viewer",
    "promotion_blocked_until_passed": true,
    "checks": [
      "manifest loads without fallback",
      "compressed/viewer artifact renders",
      "no serious browser console errors",
      "camera interaction stays responsive"
    ],
    "command": "node web/scripts/test-md1-production-viewer.mjs <preview-or-local-viewer-url>"
  },
  "early_visual_smoke_plan": {
    "required": true,
    "abort_on_failure": true,
    "selected_tile_ids": [
      "tile_04"
    ],
    "checkpoint_steps": [
      1500,
      3000,
      4500,
      6000
    ],
    "checkpoint_s3_uris": {
      "tile_04": "s3://spaceport-ml-processing-staging/manual-validations/md1-r0-visual-sentinel-v5-density-relaxed-20260515/checkpoints/md1-r0vissent-v5relax-1778837840-tile-04"
    },
    "sentinel_cameras": [
      "DJI_0067.JPG",
      "DJI_0068.JPG",
      "DJI_0069.JPG",
      "DJI_0070.JPG",
      "DJI_0066.JPG",
      "DJI_0073.JPG",
      "DJI_0146.JPG",
      "DJI_0147.JPG"
    ],
    "frozen_camera_buckets": {
      "boundary": [
        "DJI_0067.JPG",
        "DJI_0068.JPG",
        "DJI_0069.JPG",
        "DJI_0070.JPG"
      ],
      "horizon": [
        "DJI_0066.JPG",
        "DJI_0073.JPG",
        "DJI_0146.JPG",
        "DJI_0147.JPG"
      ]
    },
    "blocking_defect_categories": [
      "false_color_or_exposure_shift",
      "horizon_discontinuity",
      "geometry_misalignment",
      "texture_smearing",
      "gross_density_under_or_overflow"
    ],
    "checkpoint_probe_command_template": "aws s3 ls {checkpoint_s3_uri}/ --recursive | grep -E 'step-[0-9]+\\.ckpt|checkpoint_manifest\\.json'",
    "visual_gate_command_template": "python3 scripts/3dgs/evaluate_md1_visual_qa_gate.py --visual-qa-manifest {bundle_dir}/visual_qa_manifest.json --asset-root {bundle_dir} --ai-review-json {ai_review_json}",
    "stop_command_template": "aws sagemaker stop-training-job --training-job-name {training_job_name}",
    "action": "monitor synced checkpoints and stop the leaf proof before full runtime if sentinel renders show blocking defects"
  },
  "cost_estimate": {
    "instance_type": "ml.g4dn.xlarge",
    "hourly_rate_usd": 0.736,
    "train_stage_count": 1,
    "estimated_billable_hours": 1.0,
    "estimated_usd": 0.736,
    "worst_case_billable_hours": 1.0,
    "worst_case_usd": 0.736,
    "baseline_iterations": 6000,
    "stage_estimates": [
      {
        "stage_name": "T0_tile_04",
        "training_mode": "leaf_tile",
        "tile_id": "tile_04",
        "max_iterations": 6000,
        "stage_multiplier": 1,
        "estimated_billable_hours": 1.0,
        "estimated_usd": 0.736,
        "budget_class": "hard",
        "prior_duration_hours": null,
        "prior_fanout_duration_hours": null,
        "cost_basis": "iteration_fraction_of_runtime_cap",
        "runtime_risk": null,
        "runtime_cap_shortfall_hours": 0.0
      }
    ],
    "pricing_source": "static_us-west-2-rates-verified-2026-04-30"
  },
  "sagemaker_env_value_length_violations": [],
  "leaf_density_cap_preflight_violations": [],
  "manual_hold": null,
  "stages": [
    {
      "stage_name": "T0_tile_04",
      "stage_type": "train",
      "training_mode": "leaf_tile",
      "output_s3_uri": "s3://spaceport-ml-processing-staging/manual-validations/md1-r0vissent-v5densityrelaxed-20260515/tiles/tile_04",
      "job_name": "md1-r0vissent-v5relax-1778837840-tile-04",
      "tile_id": "tile_04",
      "depends_on": [],
      "environment": {
        "AWS_DEFAULT_REGION": "us-west-2",
        "PYTHONUNBUFFERED": "1",
        "SAGEMAKER_PROGRAM": "train.py",
        "TORCH_CUDA_ARCH_LIST": "8.0 8.6",
        "CUDA_HOME": "/usr/local/cuda",
        "LD_LIBRARY_PATH": "/usr/local/cuda/lib64:/usr/local/cuda/lib",
        "LIBRARY_PATH": "/usr/local/cuda/lib64:/usr/local/cuda/lib",
        "MAX_ITERATIONS": "6000",
        "TRAINING_MODE": "leaf_tile",
        "TILE_MANIFEST_PATH": "/opt/ml/input/data/tile-selection/3dgs_tile_manifest.json",
        "VIEW_BUCKET_MANIFEST_PATH": "/opt/ml/input/data/tile-selection/3dgs_view_buckets.json",
        "MODEL_VARIANT": "splatfacto-w-light",
        "BILATERAL_PROCESSING": "false",
        "ENABLE_BG_MODEL": "true",
        "ENABLE_ALPHA_LOSS": "true",
        "ENABLE_ROBUST_MASK": "true",
        "OUTPUT_FORMAT": "ply",
        "SOGS_COMPATIBLE": "true",
        "COMMERCIAL_LICENSE": "true",
        "FRAMEWORK": "nerfstudio",
        "METHODOLOGY": "spaceport_splatfacto_w_light_skybox",
        "TRAINING_TIMEOUT_SECONDS": "3600",
        "TILE_ID": "tile_04",
        "MERGE_MODE": "strict_core",
        "BG_SH_DEGREE": "2",
        "SH_DEGREE": "1",
        "APPEARANCE_EMBED_DIM": "64",
        "CULL_ALPHA_THRESH": "0.08",
        "CULL_SCALE_THRESH": "0.50",
        "TRAINING_MAX_GAUSS_RATIO": "1.35",
        "TRAINING_MAX_SELECTED_IMAGES": "188",
        "TRAINING_STOP_SPLIT_AT": "5900",
        "FLOATER_PRUNING_ENABLED": "true",
        "FLOATER_PRUNING_MAX_COLOR_DISTANCE": "0.18",
        "FLOATER_PRUNING_MIN_EDGE_SUPPORT": "2",
        "FLOATER_PRUNING_TOP_REGION_RATIO": "0.55",
        "FLOATER_PRUNING_TOP_VIEW_FRACTION": "0.45",
        "GLOBAL_SCAFFOLD_REQUIRE_FILTERED_INIT": "true",
        "BOUNDARY_FROZEN_CAMERAS": "DJI_0067.JPG,DJI_0068.JPG,DJI_0069.JPG,DJI_0070.JPG",
        "HORIZON_FROZEN_CAMERAS": "DJI_0066.JPG,DJI_0073.JPG,DJI_0146.JPG,DJI_0147.JPG",
        "CONTEXT_SUPPORT_TILE_IDS": "tile_10,tile_13,tile_01",
        "TARGETED_QUALITY_BLOCKERS": "ai_visual_color_shift_defect,ai_visual_geometry_alignment_defect,ai_visual_horizon_continuity_defect,ai_visual_texture_smearing_defect,boundary_no_required_improvement,boundary_v18_median_lpips_regression,horizon_psnr_regression,horizon_ssim_regression,horizon_lpips_regression,horizon_sky_score_regression,near_detail_ssim_regression,leaf_required_paths_missing,splat_vertex_count_below_reference_ratio,splat_vertex_count_below_hard_min",
        "TRAINING_CHECKPOINT_DIR": "/opt/ml/checkpoints",
        "TRAINING_ENABLE_CHECKPOINTS": "true",
        "TRAINING_STEPS_PER_SAVE": "1500",
        "GLOBAL_SCAFFOLD_SOURCE_DIR": "/opt/ml/input/data/scaffold",
        "TILE_BUDGET_CLASS": "hard",
        "TILE_INPUT_HASH": "9a011a4714b236deb7d365981a07712e5d73bbabc350b2227c5b3b0f4994b8ed",
        "TRAINING_CHECKPOINT_S3_URI": "s3://spaceport-ml-processing-staging/manual-validations/md1-r0-visual-sentinel-v5-density-relaxed-20260515/checkpoints/md1-r0vissent-v5relax-1778837840-tile-04"
      },
      "budget_class": "hard",
      "selected_image_count": 188,
      "max_iterations": 6000,
      "max_selected_images": 188,
      "input_hash": "9a011a4714b236deb7d365981a07712e5d73bbabc350b2227c5b3b0f4994b8ed",
      "source_artifact_uri": null,
      "checkpoint_uri": "s3://spaceport-ml-processing-staging/manual-validations/md1-r0-visual-sentinel-v5-density-relaxed-20260515/checkpoints/md1-r0vissent-v5relax-1778837840-tile-04",
      "spot_enabled": false,
      "prior_duration_hours": null,
      "prior_fanout_duration_hours": null,
      "quality_gate_status": "planned",
      "cache_status": null,
      "cache_rejection_reasons": []
    }
  ],
  "submitted_jobs": [
    {
      "stage_name": "T0_tile_04",
      "job_name": "md1-r0vissent-v5relax-1778837840-tile-04",
      "output_s3_uri": "s3://spaceport-ml-processing-staging/manual-validations/md1-r0vissent-v5densityrelaxed-20260515/tiles/tile_04"
    }
  ],
  "completed_jobs": [
    {
      "stage_name": "T0_tile_04",
      "training_mode": null,
      "billable_time_seconds": 2313,
      "training_time_seconds": 2313,
      "model_artifacts_s3_uri": "s3://spaceport-ml-processing-staging/manual-validations/md1-r0vissent-v5densityrelaxed-20260515/tiles/tile_04/md1-r0vissent-v5relax-1778837840-tile-04/output/model.tar.gz",
      "output_file": null,
      "file_size_mb": null,
      "background_skybox": null,
      "training_selection": null,
      "tiled_pipeline_summary": null
    }
  ]
}
