2026-05-19T17:50:17.094000Z COLMAP[chunk_10_mapper_initial] I20260519 17:50:16.709190 17606 incremental_pipeline.cc:527] => Image sees 4542 / 6772 points
2026-05-19T17:50:19.100000Z COLMAP[chunk_10_mapper_initial] I20260519 17:50:18.310211 17606 incremental_pipeline.cc:524] Registering image #952 (num_reg_frames=116)
2026-05-19T17:50:19.100000Z COLMAP[chunk_10_mapper_initial] I20260519 17:50:18.310263 17606 incremental_pipeline.cc:527] => Image sees 4624 / 6969 points
2026-05-19T17:50:20.100000Z COLMAP[chunk_10_mapper_initial] I20260519 17:50:19.920687 17606 incremental_pipeline.cc:524] Registering image #946 (num_reg_frames=117)
2026-05-19T17:50:20.100000Z COLMAP[chunk_10_mapper_initial] I20260519 17:50:19.920742 17606 incremental_pipeline.cc:527] => Image sees 4146 / 6902 points
2026-05-19T17:50:22.107000Z COLMAP[chunk_10_mapper_initial] I20260519 17:50:21.361800 17606 incremental_pipeline.cc:524] Registering image #951 (num_reg_frames=118)
2026-05-19T17:50:22.107000Z COLMAP[chunk_10_mapper_initial] I20260519 17:50:21.361852 17606 incremental_pipeline.cc:527] => Image sees 4038 / 7004 points
2026-05-19T17:50:23.107000Z COLMAP[chunk_10_mapper_initial] I20260519 17:50:22.825652 17606 incremental_pipeline.cc:524] Registering image #947 (num_reg_frames=119)
2026-05-19T17:50:23.107000Z COLMAP[chunk_10_mapper_initial] I20260519 17:50:22.825706 17606 incremental_pipeline.cc:527] => Image sees 4110 / 7284 points
2026-05-19T17:50:25.108000Z COLMAP[chunk_10_mapper_initial] I20260519 17:50:24.276949 17606 incremental_pipeline.cc:524] Registering image #950 (num_reg_frames=120)
2026-05-19T17:50:25.108000Z COLMAP[chunk_10_mapper_initial] I20260519 17:50:24.277002 17606 incremental_pipeline.cc:527] => Image sees 4444 / 7471 points
2026-05-19T17:50:26.109000Z COLMAP[chunk_10_mapper_initial] I20260519 17:50:25.742874 17606 incremental_pipeline.cc:524] Registering image #948 (num_reg_frames=121)
2026-05-19T17:50:26.109000Z COLMAP[chunk_10_mapper_initial] I20260519 17:50:25.742928 17606 incremental_pipeline.cc:527] => Image sees 4522 / 7593 points
2026-05-19T17:50:28.109000Z COLMAP[chunk_10_mapper_initial] I20260519 17:50:27.252501 17606 incremental_pipeline.cc:524] Registering image #949 (num_reg_frames=122)
2026-05-19T17:50:28.109000Z COLMAP[chunk_10_mapper_initial] I20260519 17:50:27.252553 17606 incremental_pipeline.cc:527] => Image sees 5136 / 7574 points
2026-05-19T17:50:29.110000Z COLMAP[chunk_10_mapper_initial] I20260519 17:50:28.868958 17606 incremental_pipeline.cc:524] Registering image #427 (num_reg_frames=123)
2026-05-19T17:50:29.110000Z COLMAP[chunk_10_mapper_initial] I20260519 17:50:28.869009 17606 incremental_pipeline.cc:527] => Image sees 3399 / 8340 points
2026-05-19T17:50:31.110000Z COLMAP[chunk_10_mapper_initial] I20260519 17:50:30.232827 17606 incremental_pipeline.cc:524] Registering image #428 (num_reg_frames=124)
2026-05-19T17:50:31.110000Z COLMAP[chunk_10_mapper_initial] I20260519 17:50:30.232883 17606 incremental_pipeline.cc:527] => Image sees 3908 / 8280 points
2026-05-19T17:50:32.113000Z COLMAP[chunk_10_mapper_initial] I20260519 17:50:31.692492 17606 incremental_pipeline.cc:524] Registering image #429 (num_reg_frames=125)
2026-05-19T17:50:32.113000Z COLMAP[chunk_10_mapper_initial] I20260519 17:50:31.692544 17606 incremental_pipeline.cc:527] => Image sees 3715 / 7984 points
2026-05-19T17:50:34.114000Z COLMAP[chunk_10_mapper_initial] I20260519 17:50:33.217447 17606 incremental_pipeline.cc:524] Registering image #426 (num_reg_frames=126)
2026-05-19T17:50:34.114000Z COLMAP[chunk_10_mapper_initial] I20260519 17:50:33.217504 17606 incremental_pipeline.cc:527] => Image sees 3837 / 7872 points
2026-05-19T17:50:35.114000Z COLMAP[chunk_10_mapper_initial] I20260519 17:50:34.708148 17606 incremental_pipeline.cc:78] Retriangulation and Global bundle adjustment
2026-05-19T17:51:19.241000Z COLMAP[chunk_10_mapper_initial] I20260519 17:51:18.606876 17606 incremental_pipeline.cc:524] Registering image #281 (num_reg_frames=127)
2026-05-19T17:51:19.241000Z COLMAP[chunk_10_mapper_initial] I20260519 17:51:18.606959 17606 incremental_pipeline.cc:527] => Image sees 3758 / 7891 points
2026-05-19T17:51:20.241000Z COLMAP[chunk_10_mapper_initial] I20260519 17:51:20.113155 17606 incremental_pipeline.cc:524] Registering image #280 (num_reg_frames=128)
2026-05-19T17:51:20.241000Z COLMAP[chunk_10_mapper_initial] I20260519 17:51:20.113209 17606 incremental_pipeline.cc:527] => Image sees 4493 / 7853 points
2026-05-19T17:51:22.242000Z COLMAP[chunk_10_mapper_initial] I20260519 17:51:21.690562 17606 incremental_pipeline.cc:524] Registering image #279 (num_reg_frames=129)
2026-05-19T17:51:22.242000Z COLMAP[chunk_10_mapper_initial] I20260519 17:51:21.690613 17606 incremental_pipeline.cc:527] => Image sees 5146 / 7947 points
2026-05-19T17:51:24.243000Z COLMAP[chunk_10_mapper_initial] I20260519 17:51:23.411801 17606 incremental_pipeline.cc:524] Registering image #278 (num_reg_frames=130)
2026-05-19T17:51:24.243000Z COLMAP[chunk_10_mapper_initial] I20260519 17:51:23.411852 17606 incremental_pipeline.cc:527] => Image sees 5201 / 8047 points
2026-05-19T17:51:25.243000Z COLMAP[chunk_10_mapper_initial] I20260519 17:51:25.218228 17606 incremental_pipeline.cc:524] Registering image #282 (num_reg_frames=131)
2026-05-19T17:51:25.243000Z COLMAP[chunk_10_mapper_initial] I20260519 17:51:25.218283 17606 incremental_pipeline.cc:527] => Image sees 4735 / 7923 points
2026-05-19T17:51:27.243000Z COLMAP[chunk_10_mapper_initial] I20260519 17:51:26.977305 17606 incremental_pipeline.cc:524] Registering image #277 (num_reg_frames=132)
2026-05-19T17:51:27.244000Z COLMAP[chunk_10_mapper_initial] I20260519 17:51:26.977368 17606 incremental_pipeline.cc:527] => Image sees 5279 / 7971 points
2026-05-19T17:51:29.244000Z COLMAP[chunk_10_mapper_initial] I20260519 17:51:28.840826 17606 incremental_pipeline.cc:524] Registering image #283 (num_reg_frames=133)
2026-05-19T17:51:29.245000Z COLMAP[chunk_10_mapper_initial] I20260519 17:51:28.840880 17606 incremental_pipeline.cc:527] => Image sees 4036 / 7324 points
2026-05-19T17:51:31.246000Z COLMAP[chunk_10_mapper_initial] I20260519 17:51:30.474125 17606 incremental_pipeline.cc:524] Registering image #390 (num_reg_frames=134)
2026-05-19T17:51:31.246000Z COLMAP[chunk_10_mapper_initial] I20260519 17:51:30.474185 17606 incremental_pipeline.cc:527] => Image sees 3790 / 7366 points
2026-05-19T17:51:32.246000Z COLMAP[chunk_10_mapper_initial] I20260519 17:51:31.993968 17606 incremental_pipeline.cc:524] Registering image #391 (num_reg_frames=135)
2026-05-19T17:51:32.246000Z COLMAP[chunk_10_mapper_initial] I20260519 17:51:31.994026 17606 incremental_pipeline.cc:527] => Image sees 4227 / 7558 points
2026-05-19T17:51:34.247000Z COLMAP[chunk_10_mapper_initial] I20260519 17:51:33.726436 17606 incremental_pipeline.cc:524] Registering image #389 (num_reg_frames=136)
2026-05-19T17:51:34.247000Z COLMAP[chunk_10_mapper_initial] I20260519 17:51:33.726492 17606 incremental_pipeline.cc:527] => Image sees 4522 / 7400 points
2026-05-19T17:51:36.248000Z COLMAP[chunk_10_mapper_initial] I20260519 17:51:35.412969 17606 incremental_pipeline.cc:524] Registering image #386 (num_reg_frames=137)
2026-05-19T17:51:36.248000Z COLMAP[chunk_10_mapper_initial] I20260519 17:51:35.413028 17606 incremental_pipeline.cc:527] => Image sees 5017 / 7344 points
2026-05-19T17:51:37.249000Z COLMAP[chunk_10_mapper_initial] I20260519 17:51:37.136772 17606 incremental_pipeline.cc:524] Registering image #388 (num_reg_frames=138)
2026-05-19T17:51:37.249000Z COLMAP[chunk_10_mapper_initial] I20260519 17:51:37.136826 17606 incremental_pipeline.cc:527] => Image sees 5228 / 7289 points
2026-05-19T17:51:39.251000Z COLMAP[chunk_10_mapper_initial] I20260519 17:51:38.852897 17606 incremental_pipeline.cc:524] Registering image #387 (num_reg_frames=139)
2026-05-19T17:51:39.251000Z COLMAP[chunk_10_mapper_initial] I20260519 17:51:38.852950 17606 incremental_pipeline.cc:527] => Image sees 5573 / 7316 points
2026-05-19T17:51:41.252000Z COLMAP[chunk_10_mapper_initial] I20260519 17:51:40.521874 17606 incremental_pipeline.cc:78] Retriangulation and Global bundle adjustment
2026-05-19T17:52:32.434000Z COLMAP[chunk_10_mapper_initial] I20260519 17:52:32.416419 17606 incremental_pipeline.cc:524] Registering image #385 (num_reg_frames=140)
2026-05-19T17:52:32.435000Z COLMAP[chunk_10_mapper_initial] I20260519 17:52:32.416491 17606 incremental_pipeline.cc:527] => Image sees 4852 / 7309 points
2026-05-19T17:52:34.437000Z COLMAP[chunk_10_mapper_initial] I20260519 17:52:34.103617 17606 incremental_pipeline.cc:524] Registering image #392 (num_reg_frames=141)
2026-05-19T17:52:34.437000Z COLMAP[chunk_10_mapper_initial] I20260519 17:52:34.103669 17606 incremental_pipeline.cc:527] => Image sees 4268 / 7363 points
2026-05-19T17:52:36.440000Z COLMAP[chunk_10_mapper_initial] I20260519 17:52:35.746048 17606 incremental_pipeline.cc:524] Registering image #384 (num_reg_frames=142)
2026-05-19T17:52:36.440000Z COLMAP[chunk_10_mapper_initial] I20260519 17:52:35.746102 17606 incremental_pipeline.cc:527] => Image sees 4574 / 7320 points
2026-05-19T17:52:37.440000Z COLMAP[chunk_10_mapper_initial] I20260519 17:52:37.361119 17606 incremental_pipeline.cc:524] Registering image #328 (num_reg_frames=143)
2026-05-19T17:52:37.440000Z COLMAP[chunk_10_mapper_initial] I20260519 17:52:37.361166 17606 incremental_pipeline.cc:527] => Image sees 3723 / 7476 points
2026-05-19T17:52:39.441000Z COLMAP[chunk_10_mapper_initial] I20260519 17:52:38.809587 17606 incremental_pipeline.cc:524] Registering image #330 (num_reg_frames=144)
2026-05-19T17:52:39.441000Z COLMAP[chunk_10_mapper_initial] I20260519 17:52:38.809639 17606 incremental_pipeline.cc:527] => Image sees 4044 / 7506 points
2026-05-19T17:52:40.441000Z COLMAP[chunk_10_mapper_initial] I20260519 17:52:40.299865 17606 incremental_pipeline.cc:524] Registering image #329 (num_reg_frames=145)
2026-05-19T17:52:40.441000Z COLMAP[chunk_10_mapper_initial] I20260519 17:52:40.299919 17606 incremental_pipeline.cc:527] => Image sees 4366 / 7569 points
2026-05-19T17:52:42.441000Z COLMAP[chunk_10_mapper_initial] I20260519 17:52:41.879649 17606 incremental_pipeline.cc:524] Registering image #331 (num_reg_frames=146)
2026-05-19T17:52:42.442000Z COLMAP[chunk_10_mapper_initial] I20260519 17:52:41.879699 17606 incremental_pipeline.cc:527] => Image sees 4187 / 7289 points
2026-05-19T17:52:44.448000Z COLMAP[chunk_10_mapper_initial] I20260519 17:52:43.504223 17606 incremental_pipeline.cc:524] Registering image #327 (num_reg_frames=147)
2026-05-19T17:52:44.448000Z COLMAP[chunk_10_mapper_initial] I20260519 17:52:43.504276 17606 incremental_pipeline.cc:527] => Image sees 4359 / 7286 points
2026-05-19T17:52:45.448000Z COLMAP[chunk_10_mapper_initial] I20260519 17:52:45.100852 17606 incremental_pipeline.cc:524] Registering image #332 (num_reg_frames=148)
2026-05-19T17:52:45.448000Z COLMAP[chunk_10_mapper_initial] I20260519 17:52:45.100905 17606 incremental_pipeline.cc:527] => Image sees 4980 / 7245 points
2026-05-19T17:52:47.449000Z COLMAP[chunk_10_mapper_initial] I20260519 17:52:46.805065 17606 incremental_pipeline.cc:524] Registering image #326 (num_reg_frames=149)
2026-05-19T17:52:47.450000Z COLMAP[chunk_10_mapper_initial] I20260519 17:52:46.805114 17606 incremental_pipeline.cc:527] => Image sees 4497 / 7319 points
2026-05-19T17:52:48.450000Z COLMAP[chunk_10_mapper_initial] I20260519 17:52:48.378708 17606 incremental_pipeline.cc:524] Registering image #333 (num_reg_frames=150)
2026-05-19T17:52:48.450000Z COLMAP[chunk_10_mapper_initial] I20260519 17:52:48.378759 17606 incremental_pipeline.cc:527] => Image sees 4714 / 7161 points
2026-05-19T17:52:50.451000Z COLMAP[chunk_10_mapper_initial] I20260519 17:52:49.995206 17606 incremental_pipeline.cc:524] Registering image #325 (num_reg_frames=151)
2026-05-19T17:52:50.451000Z COLMAP[chunk_10_mapper_initial] I20260519 17:52:49.995265 17606 incremental_pipeline.cc:527] => Image sees 4806 / 7201 points
2026-05-19T17:52:52.452000Z COLMAP[chunk_10_mapper_initial] I20260519 17:52:51.643787 17606 incremental_pipeline.cc:524] Registering image #334 (num_reg_frames=152)
2026-05-19T17:52:52.452000Z COLMAP[chunk_10_mapper_initial] I20260519 17:52:51.643837 17606 incremental_pipeline.cc:527] => Image sees 4688 / 7232 points
2026-05-19T17:52:53.452000Z COLMAP[chunk_10_mapper_initial] I20260519 17:52:53.319684 17606 incremental_pipeline.cc:524] Registering image #324 (num_reg_frames=153)
2026-05-19T17:52:53.452000Z COLMAP[chunk_10_mapper_initial] I20260519 17:52:53.319733 17606 incremental_pipeline.cc:527] => Image sees 4802 / 7444 points
2026-05-19T17:52:55.453000Z COLMAP[chunk_10_mapper_initial] I20260519 17:52:54.853654 17606 incremental_pipeline.cc:78] Retriangulation and Global bundle adjustment
2026-05-19T17:53:53.588000Z COLMAP[chunk_10_mapper_initial] I20260519 17:53:53.281836 17606 incremental_pipeline.cc:524] Registering image #335 (num_reg_frames=154)
2026-05-19T17:53:53.588000Z COLMAP[chunk_10_mapper_initial] I20260519 17:53:53.281919 17606 incremental_pipeline.cc:527] => Image sees 4282 / 7219 points
2026-05-19T17:53:55.596000Z COLMAP[chunk_10_mapper_initial] I20260519 17:53:54.861819 17606 incremental_pipeline.cc:524] Registering image #323 (num_reg_frames=155)
2026-05-19T17:53:55.597000Z COLMAP[chunk_10_mapper_initial] I20260519 17:53:54.861867 17606 incremental_pipeline.cc:527] => Image sees 4599 / 7618 points
2026-05-19T17:53:56.597000Z COLMAP[chunk_10_mapper_initial] I20260519 17:53:56.503695 17606 incremental_pipeline.cc:524] Registering image #336 (num_reg_frames=156)
2026-05-19T17:53:56.597000Z COLMAP[chunk_10_mapper_initial] I20260519 17:53:56.503748 17606 incremental_pipeline.cc:527] => Image sees 3998 / 7148 points
2026-05-19T17:53:58.597000Z COLMAP[chunk_10_mapper_initial] I20260519 17:53:58.037428 17606 incremental_pipeline.cc:524] Registering image #322 (num_reg_frames=157)
2026-05-19T17:53:58.597000Z COLMAP[chunk_10_mapper_initial] I20260519 17:53:58.037479 17606 incremental_pipeline.cc:527] => Image sees 4438 / 7173 points
2026-05-19T17:54:00.598000Z COLMAP[chunk_10_mapper_initial] I20260519 17:53:59.662909 17606 incremental_pipeline.cc:524] Registering image #383 (num_reg_frames=158)
2026-05-19T17:54:00.598000Z COLMAP[chunk_10_mapper_initial] I20260519 17:53:59.662961 17606 incremental_pipeline.cc:527] => Image sees 4926 / 6786 points
2026-05-19T17:54:01.598000Z COLMAP[chunk_10_mapper_initial] I20260519 17:54:01.360505 17606 incremental_pipeline.cc:524] Registering image #337 (num_reg_frames=159)
2026-05-19T17:54:01.598000Z COLMAP[chunk_10_mapper_initial] I20260519 17:54:01.360558 17606 incremental_pipeline.cc:527] => Image sees 4108 / 6054 points
2026-05-19T17:54:03.599000Z COLMAP[chunk_10_mapper_initial] I20260519 17:54:02.970388 17606 incremental_pipeline.cc:524] Registering image #1321 (num_reg_frames=160)
2026-05-19T17:54:03.599000Z COLMAP[chunk_10_mapper_initial] I20260519 17:54:02.970441 17606 incremental_pipeline.cc:527] => Image sees 284 / 3081 points
2026-05-19T17:54:04.599000Z COLMAP[chunk_10_mapper_initial] I20260519 17:54:03.926167 17606 incremental_pipeline.cc:524] Registering image #1304 (num_reg_frames=161)
2026-05-19T17:54:04.599000Z COLMAP[chunk_10_mapper_initial] I20260519 17:54:03.926221 17606 incremental_pipeline.cc:527] => Image sees 63 / 5234 points
2026-05-19T17:54:05.600000Z COLMAP[chunk_10_mapper_initial] I20260519 17:54:04.889472 17606 incremental_pipeline.cc:524] Registering image #1305 (num_reg_frames=162)
2026-05-19T17:54:05.600000Z COLMAP[chunk_10_mapper_initial] I20260519 17:54:04.889520 17606 incremental_pipeline.cc:527] => Image sees 468 / 5852 points
2026-05-19T17:54:06.600000Z COLMAP[chunk_10_mapper_initial] I20260519 17:54:05.972003 17606 incremental_pipeline.cc:524] Registering image #1306 (num_reg_frames=163)
2026-05-19T17:54:06.600000Z COLMAP[chunk_10_mapper_initial] I20260519 17:54:05.972056 17606 incremental_pipeline.cc:527] => Image sees 1612 / 5843 points
2026-05-19T17:54:07.600000Z COLMAP[chunk_10_mapper_initial] I20260519 17:54:07.297421 17606 incremental_pipeline.cc:524] Registering image #1102 (num_reg_frames=164)
2026-05-19T17:54:07.600000Z COLMAP[chunk_10_mapper_initial] I20260519 17:54:07.297470 17606 incremental_pipeline.cc:527] => Image sees 1653 / 5383 points
2026-05-19T17:54:09.601000Z COLMAP[chunk_10_mapper_initial] I20260519 17:54:08.600976 17606 incremental_pipeline.cc:524] Registering image #1101 (num_reg_frames=165)
2026-05-19T17:54:09.601000Z COLMAP[chunk_10_mapper_initial] I20260519 17:54:08.601044 17606 incremental_pipeline.cc:527] => Image sees 2429 / 6392 points
2026-05-19T17:54:10.601000Z COLMAP[chunk_10_mapper_initial] I20260519 17:54:09.629582 17606 incremental_pipeline.cc:78] Retriangulation and Global bundle adjustment
2026-05-19T17:54:52.665000Z COLMAP[chunk_10_mapper_initial] I20260519 17:54:52.410478 17606 incremental_pipeline.cc:524] Registering image #1103 (num_reg_frames=166)
2026-05-19T17:54:52.665000Z COLMAP[chunk_10_mapper_initial] I20260519 17:54:52.410559 17606 incremental_pipeline.cc:527] => Image sees 3391 / 6315 points
2026-05-19T17:54:54.665000Z COLMAP[chunk_10_mapper_initial] I20260519 17:54:53.720849 17606 incremental_pipeline.cc:524] Registering image #1307 (num_reg_frames=167)
2026-05-19T17:54:54.665000Z COLMAP[chunk_10_mapper_initial] I20260519 17:54:53.720901 17606 incremental_pipeline.cc:527] => Image sees 2144 / 3878 points
2026-05-19T17:54:55.666000Z COLMAP[chunk_10_mapper_initial] I20260519 17:54:54.953897 17606 incremental_pipeline.cc:524] Registering image #1104 (num_reg_frames=168)
2026-05-19T17:54:55.666000Z COLMAP[chunk_10_mapper_initial] I20260519 17:54:54.953949 17606 incremental_pipeline.cc:527] => Image sees 2451 / 3722 points
2026-05-19T17:54:56.666000Z COLMAP[chunk_10_mapper_initial] I20260519 17:54:56.201663 17606 incremental_pipeline.cc:524] Registering image #1303 (num_reg_frames=169)
2026-05-19T17:54:56.666000Z COLMAP[chunk_10_mapper_initial] I20260519 17:54:56.201714 17606 incremental_pipeline.cc:527] => Image sees 2375 / 4613 points
2026-05-19T17:54:57.667000Z COLMAP[chunk_10_mapper_initial] I20260519 17:54:57.406448 17606 incremental_pipeline.cc:524] Registering image #1263 (num_reg_frames=170)
2026-05-19T17:54:57.667000Z COLMAP[chunk_10_mapper_initial] I20260519 17:54:57.406500 17606 incremental_pipeline.cc:527] => Image sees 1473 / 5814 points
2026-05-19T17:54:58.667000Z COLMAP[chunk_10_mapper_initial] I20260519 17:54:58.467295 17606 incremental_pipeline.cc:524] Registering image #1264 (num_reg_frames=171)
2026-05-19T17:54:58.667000Z COLMAP[chunk_10_mapper_initial] I20260519 17:54:58.467347 17606 incremental_pipeline.cc:527] => Image sees 1815 / 5604 points
2026-05-19T17:54:59.667000Z COLMAP[chunk_10_mapper_initial] I20260519 17:54:59.618937 17606 incremental_pipeline.cc:524] Registering image #1302 (num_reg_frames=172)
2026-05-19T17:54:59.667000Z COLMAP[chunk_10_mapper_initial] I20260519 17:54:59.618989 17606 incremental_pipeline.cc:527] => Image sees 2068 / 3880 points
2026-05-19T17:55:00.668000Z COLMAP[chunk_10_mapper_initial] I20260519 17:55:00.667112 17606 incremental_pipeline.cc:78] Retriangulation and Global bundle adjustment
2026-05-19T17:55:28.719000Z COLMAP[chunk_10_mapper_initial] I20260519 17:55:28.287868 17606 incremental_pipeline.cc:78] Retriangulation and Global bundle adjustment
2026-05-19T17:55:50.742000Z COLMAP[chunk_10_mapper_initial] I20260519 17:55:50.601482 17606 incremental_pipeline.cc:710] Keeping successful reconstruction
2026-05-19T17:55:51.742000Z COLMAP[chunk_10_mapper_initial] I20260519 17:55:50.860694 17606 timer.cc:90] Elapsed time: 12.724 [minutes]
2026-05-19T17:55:51.742000Z 2026-05-19 17:55:50,945 - INFO - [chunk_10_mapper_initial_model_converter_0] colmap model_converter --input_path /tmp/colmap_sfm_gefg0_n4/chunk_10/sparse_initial/0 --output_path /tmp/colmap_sfm_gefg0_n4/text_models/chunk_10_mapper_initial/0 --output_type TXT
2026-05-19T17:55:55.743000Z 2026-05-19 17:55:54,939 - INFO - chunk_10_mapper_initial model 0 registered 173/173 images and 107942 points
2026-05-19T17:55:55.743000Z 2026-05-19 17:55:55,235 - INFO - [chunk_model_merger_01] colmap model_merger --input_path1 /tmp/colmap_sfm_gefg0_n4/chunk_00/sparse_initial/0 --input_path2 /tmp/colmap_sfm_gefg0_n4/chunk_01/sparse_initial/0 --output_path /tmp/colmap_sfm_gefg0_n4/merged_chunk_model_01 --max_reproj_error 64
2026-05-19T17:55:55.743000Z COLMAP[chunk_model_merger_01] I20260519 17:55:55.702132 19163 model.cc:776] --- Reconstruction 1 ---
2026-05-19T17:55:55.743000Z COLMAP[chunk_model_merger_01] I20260519 17:55:55.702616 19163 model.cc:777] Images: 172
2026-05-19T17:55:55.743000Z COLMAP[chunk_model_merger_01] I20260519 17:55:55.702636 19163 model.cc:778] Points: 111407
2026-05-19T17:55:56.744000Z COLMAP[chunk_model_merger_01] I20260519 17:55:56.035669 19163 model.cc:782] --- Reconstruction 2 ---
2026-05-19T17:55:56.744000Z COLMAP[chunk_model_merger_01] I20260519 17:55:56.035717 19163 model.cc:783] Images: 184
2026-05-19T17:55:56.744000Z COLMAP[chunk_model_merger_01] I20260519 17:55:56.035728 19163 model.cc:784] Points: 152552
2026-05-19T17:55:56.744000Z COLMAP[chunk_model_merger_01] I20260519 17:55:56.035735 19163 model.cc:786] --- Merging reconstructions ---
2026-05-19T17:55:57.744000Z COLMAP[chunk_model_merger_01] I20260519 17:55:56.784384 19163 model.cc:789] => Merge succeeded
2026-05-19T17:55:57.744000Z COLMAP[chunk_model_merger_01] I20260519 17:55:56.784435 19163 model.cc:790] --- Merged reconstruction ---
2026-05-19T17:55:57.744000Z COLMAP[chunk_model_merger_01] I20260519 17:55:56.784443 19163 model.cc:791] Images: 326
2026-05-19T17:55:57.744000Z COLMAP[chunk_model_merger_01] I20260519 17:55:56.784454 19163 model.cc:792] Points: 235164
2026-05-19T17:55:57.744000Z 2026-05-19 17:55:57,271 - INFO - [chunk_model_merger_02] colmap model_merger --input_path1 /tmp/colmap_sfm_gefg0_n4/merged_chunk_model_01 --input_path2 /tmp/colmap_sfm_gefg0_n4/chunk_02/sparse_initial/0 --output_path /tmp/colmap_sfm_gefg0_n4/merged_chunk_model_02 --max_reproj_error 64
2026-05-19T17:55:58.745000Z COLMAP[chunk_model_merger_02] I20260519 17:55:57.999576 19171 model.cc:776] --- Reconstruction 1 ---
2026-05-19T17:55:58.745000Z COLMAP[chunk_model_merger_02] I20260519 17:55:57.999912 19171 model.cc:777] Images: 326
2026-05-19T17:55:58.745000Z COLMAP[chunk_model_merger_02] I20260519 17:55:57.999931 19171 model.cc:778] Points: 235164
2026-05-19T17:55:58.745000Z COLMAP[chunk_model_merger_02] I20260519 17:55:58.336733 19171 model.cc:782] --- Reconstruction 2 ---
2026-05-19T17:55:58.745000Z COLMAP[chunk_model_merger_02] I20260519 17:55:58.336781 19171 model.cc:783] Images: 186
2026-05-19T17:55:58.745000Z COLMAP[chunk_model_merger_02] I20260519 17:55:58.336791 19171 model.cc:784] Points: 166484
2026-05-19T17:55:58.745000Z COLMAP[chunk_model_merger_02] I20260519 17:55:58.336798 19171 model.cc:786] --- Merging reconstructions ---
2026-05-19T17:55:59.745000Z COLMAP[chunk_model_merger_02] I20260519 17:55:59.415158 19171 model.cc:789] => Merge succeeded
2026-05-19T17:55:59.745000Z COLMAP[chunk_model_merger_02] I20260519 17:55:59.415213 19171 model.cc:790] --- Merged reconstruction ---
2026-05-19T17:55:59.745000Z COLMAP[chunk_model_merger_02] I20260519 17:55:59.415221 19171 model.cc:791] Images: 483
2026-05-19T17:55:59.745000Z COLMAP[chunk_model_merger_02] I20260519 17:55:59.415231 19171 model.cc:792] Points: 369890
2026-05-19T17:56:00.745000Z 2026-05-19 17:56:00,146 - INFO - [chunk_model_merger_03] colmap model_merger --input_path1 /tmp/colmap_sfm_gefg0_n4/merged_chunk_model_02 --input_path2 /tmp/colmap_sfm_gefg0_n4/chunk_03/sparse_recovery/0 --output_path /tmp/colmap_sfm_gefg0_n4/merged_chunk_model_03 --max_reproj_error 64
2026-05-19T17:56:01.746000Z COLMAP[chunk_model_merger_03] I20260519 17:56:01.172822 19179 model.cc:776] --- Reconstruction 1 ---
2026-05-19T17:56:01.746000Z COLMAP[chunk_model_merger_03] I20260519 17:56:01.173156 19179 model.cc:777] Images: 483
2026-05-19T17:56:01.746000Z COLMAP[chunk_model_merger_03] I20260519 17:56:01.173171 19179 model.cc:778] Points: 369890
2026-05-19T17:56:01.746000Z COLMAP[chunk_model_merger_03] I20260519 17:56:01.503933 19179 model.cc:782] --- Reconstruction 2 ---
2026-05-19T17:56:01.746000Z COLMAP[chunk_model_merger_03] I20260519 17:56:01.503983 19179 model.cc:783] Images: 184
2026-05-19T17:56:01.746000Z COLMAP[chunk_model_merger_03] I20260519 17:56:01.504000 19179 model.cc:784] Points: 163541
2026-05-19T17:56:01.746000Z COLMAP[chunk_model_merger_03] I20260519 17:56:01.504014 19179 model.cc:786] --- Merging reconstructions ---
2026-05-19T17:56:03.747000Z COLMAP[chunk_model_merger_03] I20260519 17:56:03.598953 19179 model.cc:789] => Merge succeeded
2026-05-19T17:56:03.747000Z COLMAP[chunk_model_merger_03] I20260519 17:56:03.599015 19179 model.cc:790] --- Merged reconstruction ---
2026-05-19T17:56:03.747000Z COLMAP[chunk_model_merger_03] I20260519 17:56:03.599025 19179 model.cc:791] Images: 637
2026-05-19T17:56:03.747000Z COLMAP[chunk_model_merger_03] I20260519 17:56:03.599035 19179 model.cc:792] Points: 492848
2026-05-19T17:56:04.747000Z 2026-05-19 17:56:04,584 - INFO - [chunk_model_merger_04] colmap model_merger --input_path1 /tmp/colmap_sfm_gefg0_n4/merged_chunk_model_03 --input_path2 /tmp/colmap_sfm_gefg0_n4/chunk_04/sparse_recovery/0 --output_path /tmp/colmap_sfm_gefg0_n4/merged_chunk_model_04 --max_reproj_error 64
2026-05-19T17:56:06.748000Z COLMAP[chunk_model_merger_04] I20260519 17:56:05.861686 19187 model.cc:776] --- Reconstruction 1 ---
2026-05-19T17:56:06.748000Z COLMAP[chunk_model_merger_04] I20260519 17:56:05.862015 19187 model.cc:777] Images: 637
2026-05-19T17:56:06.748000Z COLMAP[chunk_model_merger_04] I20260519 17:56:05.862030 19187 model.cc:778] Points: 492848
2026-05-19T17:56:06.748000Z COLMAP[chunk_model_merger_04] I20260519 17:56:06.168150 19187 model.cc:782] --- Reconstruction 2 ---
2026-05-19T17:56:06.748000Z COLMAP[chunk_model_merger_04] I20260519 17:56:06.168195 19187 model.cc:783] Images: 184
2026-05-19T17:56:06.748000Z COLMAP[chunk_model_merger_04] I20260519 17:56:06.168206 19187 model.cc:784] Points: 152690
2026-05-19T17:56:06.748000Z COLMAP[chunk_model_merger_04] I20260519 17:56:06.168213 19187 model.cc:786] --- Merging reconstructions ---
2026-05-19T17:56:08.748000Z COLMAP[chunk_model_merger_04] I20260519 17:56:08.458225 19187 model.cc:789] => Merge succeeded
2026-05-19T17:56:08.748000Z COLMAP[chunk_model_merger_04] I20260519 17:56:08.458279 19187 model.cc:790] --- Merged reconstruction ---
2026-05-19T17:56:08.748000Z COLMAP[chunk_model_merger_04] I20260519 17:56:08.458288 19187 model.cc:791] Images: 794
2026-05-19T17:56:08.748000Z COLMAP[chunk_model_merger_04] I20260519 17:56:08.458298 19187 model.cc:792] Points: 616967
2026-05-19T17:56:09.749000Z 2026-05-19 17:56:09,691 - INFO - [chunk_model_merger_05] colmap model_merger --input_path1 /tmp/colmap_sfm_gefg0_n4/merged_chunk_model_04 --input_path2 /tmp/colmap_sfm_gefg0_n4/chunk_05/sparse_recovery/0 --output_path /tmp/colmap_sfm_gefg0_n4/merged_chunk_model_05 --max_reproj_error 64
2026-05-19T17:56:11.749000Z COLMAP[chunk_model_merger_05] I20260519 17:56:11.215893 19195 model.cc:776] --- Reconstruction 1 ---
2026-05-19T17:56:11.749000Z COLMAP[chunk_model_merger_05] I20260519 17:56:11.216220 19195 model.cc:777] Images: 794
2026-05-19T17:56:11.749000Z COLMAP[chunk_model_merger_05] I20260519 17:56:11.216236 19195 model.cc:778] Points: 616967
2026-05-19T17:56:11.749000Z COLMAP[chunk_model_merger_05] I20260519 17:56:11.518131 19195 model.cc:782] --- Reconstruction 2 ---
2026-05-19T17:56:11.749000Z COLMAP[chunk_model_merger_05] I20260519 17:56:11.518181 19195 model.cc:783] Images: 172
2026-05-19T17:56:11.749000Z COLMAP[chunk_model_merger_05] I20260519 17:56:11.518193 19195 model.cc:784] Points: 153107
2026-05-19T17:56:11.749000Z COLMAP[chunk_model_merger_05] I20260519 17:56:11.518200 19195 model.cc:786] --- Merging reconstructions ---
2026-05-19T17:56:15.750000Z COLMAP[chunk_model_merger_05] I20260519 17:56:14.855396 19195 model.cc:789] => Merge succeeded
2026-05-19T17:56:15.750000Z COLMAP[chunk_model_merger_05] I20260519 17:56:14.855448 19195 model.cc:790] --- Merged reconstruction ---
2026-05-19T17:56:15.751000Z COLMAP[chunk_model_merger_05] I20260519 17:56:14.855458 19195 model.cc:791] Images: 936
2026-05-19T17:56:15.751000Z COLMAP[chunk_model_merger_05] I20260519 17:56:14.855468 19195 model.cc:792] Points: 736182
2026-05-19T17:56:16.751000Z 2026-05-19 17:56:16,301 - INFO - [chunk_model_merger_06] colmap model_merger --input_path1 /tmp/colmap_sfm_gefg0_n4/merged_chunk_model_05 --input_path2 /tmp/colmap_sfm_gefg0_n4/chunk_06/sparse_recovery/0 --output_path /tmp/colmap_sfm_gefg0_n4/merged_chunk_model_06 --max_reproj_error 64
2026-05-19T17:56:18.752000Z COLMAP[chunk_model_merger_06] I20260519 17:56:18.130355 19203 model.cc:776] --- Reconstruction 1 ---
2026-05-19T17:56:18.752000Z COLMAP[chunk_model_merger_06] I20260519 17:56:18.130697 19203 model.cc:777] Images: 936
2026-05-19T17:56:18.752000Z COLMAP[chunk_model_merger_06] I20260519 17:56:18.130714 19203 model.cc:778] Points: 736182
2026-05-19T17:56:18.752000Z COLMAP[chunk_model_merger_06] I20260519 17:56:18.474632 19203 model.cc:782] --- Reconstruction 2 ---
2026-05-19T17:56:18.752000Z COLMAP[chunk_model_merger_06] I20260519 17:56:18.474679 19203 model.cc:783] Images: 185
2026-05-19T17:56:18.752000Z COLMAP[chunk_model_merger_06] I20260519 17:56:18.474690 19203 model.cc:784] Points: 174874
2026-05-19T17:56:18.752000Z COLMAP[chunk_model_merger_06] I20260519 17:56:18.474699 19203 model.cc:786] --- Merging reconstructions ---
2026-05-19T17:56:23.753000Z COLMAP[chunk_model_merger_06] I20260519 17:56:23.196808 19203 model.cc:789] => Merge succeeded
2026-05-19T17:56:23.753000Z COLMAP[chunk_model_merger_06] I20260519 17:56:23.196866 19203 model.cc:790] --- Merged reconstruction ---
2026-05-19T17:56:23.753000Z COLMAP[chunk_model_merger_06] I20260519 17:56:23.196873 19203 model.cc:791] Images: 1091
2026-05-19T17:56:23.753000Z COLMAP[chunk_model_merger_06] I20260519 17:56:23.196884 19203 model.cc:792] Points: 873644
2026-05-19T17:56:25.754000Z 2026-05-19 17:56:24,928 - INFO - [chunk_model_merger_07] colmap model_merger --input_path1 /tmp/colmap_sfm_gefg0_n4/merged_chunk_model_06 --input_path2 /tmp/colmap_sfm_gefg0_n4/chunk_07/sparse_initial/0 --output_path /tmp/colmap_sfm_gefg0_n4/merged_chunk_model_07 --max_reproj_error 64
2026-05-19T17:56:27.754000Z COLMAP[chunk_model_merger_07] I20260519 17:56:27.024590 19226 model.cc:776] --- Reconstruction 1 ---
2026-05-19T17:56:27.754000Z COLMAP[chunk_model_merger_07] I20260519 17:56:27.024914 19226 model.cc:777] Images: 1091
2026-05-19T17:56:27.754000Z COLMAP[chunk_model_merger_07] I20260519 17:56:27.024933 19226 model.cc:778] Points: 873644
2026-05-19T17:56:27.754000Z COLMAP[chunk_model_merger_07] I20260519 17:56:27.328188 19226 model.cc:782] --- Reconstruction 2 ---
2026-05-19T17:56:27.754000Z COLMAP[chunk_model_merger_07] I20260519 17:56:27.328238 19226 model.cc:783] Images: 181
2026-05-19T17:56:27.754000Z COLMAP[chunk_model_merger_07] I20260519 17:56:27.328248 19226 model.cc:784] Points: 146467
2026-05-19T17:56:27.754000Z COLMAP[chunk_model_merger_07] I20260519 17:56:27.328255 19226 model.cc:786] --- Merging reconstructions ---
2026-05-19T17:56:30.755000Z COLMAP[chunk_model_merger_07] I20260519 17:56:29.871832 19226 model.cc:789] => Merge succeeded
2026-05-19T17:56:30.755000Z COLMAP[chunk_model_merger_07] I20260519 17:56:29.871881 19226 model.cc:790] --- Merged reconstruction ---
2026-05-19T17:56:30.755000Z COLMAP[chunk_model_merger_07] I20260519 17:56:29.871889 19226 model.cc:791] Images: 1248
2026-05-19T17:56:30.755000Z COLMAP[chunk_model_merger_07] I20260519 17:56:29.871901 19226 model.cc:792] Points: 1002594
2026-05-19T17:56:32.756000Z 2026-05-19 17:56:31,820 - INFO - [chunk_model_merger_08] colmap model_merger --input_path1 /tmp/colmap_sfm_gefg0_n4/merged_chunk_model_07 --input_path2 /tmp/colmap_sfm_gefg0_n4/chunk_08/sparse_initial/0 --output_path /tmp/colmap_sfm_gefg0_n4/merged_chunk_model_08 --max_reproj_error 64
2026-05-19T17:56:34.757000Z COLMAP[chunk_model_merger_08] I20260519 17:56:34.120518 19234 model.cc:776] --- Reconstruction 1 ---
2026-05-19T17:56:34.757000Z COLMAP[chunk_model_merger_08] I20260519 17:56:34.121025 19234 model.cc:777] Images: 1248
2026-05-19T17:56:34.757000Z COLMAP[chunk_model_merger_08] I20260519 17:56:34.121045 19234 model.cc:778] Points: 1002594
2026-05-19T17:56:34.757000Z COLMAP[chunk_model_merger_08] I20260519 17:56:34.430975 19234 model.cc:782] --- Reconstruction 2 ---
2026-05-19T17:56:34.757000Z COLMAP[chunk_model_merger_08] I20260519 17:56:34.431025 19234 model.cc:783] Images: 183
2026-05-19T17:56:34.757000Z COLMAP[chunk_model_merger_08] I20260519 17:56:34.431037 19234 model.cc:784] Points: 153806
2026-05-19T17:56:34.757000Z COLMAP[chunk_model_merger_08] I20260519 17:56:34.431044 19234 model.cc:786] --- Merging reconstructions ---
2026-05-19T17:56:37.758000Z COLMAP[chunk_model_merger_08] I20260519 17:56:37.282297 19234 model.cc:789] => Merge succeeded
2026-05-19T17:56:37.758000Z COLMAP[chunk_model_merger_08] I20260519 17:56:37.282354 19234 model.cc:790] --- Merged reconstruction ---
2026-05-19T17:56:37.758000Z COLMAP[chunk_model_merger_08] I20260519 17:56:37.282366 19234 model.cc:791] Images: 1401
2026-05-19T17:56:37.758000Z COLMAP[chunk_model_merger_08] I20260519 17:56:37.282379 19234 model.cc:792] Points: 1134486
2026-05-19T17:56:39.758000Z 2026-05-19 17:56:39,448 - INFO - [chunk_model_merger_09] colmap model_merger --input_path1 /tmp/colmap_sfm_gefg0_n4/merged_chunk_model_08 --input_path2 /tmp/colmap_sfm_gefg0_n4/chunk_09/sparse_initial/0 --output_path /tmp/colmap_sfm_gefg0_n4/merged_chunk_model_09 --max_reproj_error 64
2026-05-19T17:56:42.759000Z COLMAP[chunk_model_merger_09] I20260519 17:56:42.022145 19242 model.cc:776] --- Reconstruction 1 ---
2026-05-19T17:56:42.759000Z COLMAP[chunk_model_merger_09] I20260519 17:56:42.022706 19242 model.cc:777] Images: 1401
2026-05-19T17:56:42.759000Z COLMAP[chunk_model_merger_09] I20260519 17:56:42.022722 19242 model.cc:778] Points: 1134486
2026-05-19T17:56:42.759000Z COLMAP[chunk_model_merger_09] I20260519 17:56:42.332312 19242 model.cc:782] --- Reconstruction 2 ---
2026-05-19T17:56:42.759000Z COLMAP[chunk_model_merger_09] I20260519 17:56:42.332357 19242 model.cc:783] Images: 179
2026-05-19T17:56:42.759000Z COLMAP[chunk_model_merger_09] I20260519 17:56:42.332368 19242 model.cc:784] Points: 142400
2026-05-19T17:56:42.759000Z COLMAP[chunk_model_merger_09] I20260519 17:56:42.332376 19242 model.cc:786] --- Merging reconstructions ---
2026-05-19T17:56:45.760000Z COLMAP[chunk_model_merger_09] I20260519 17:56:45.498378 19242 model.cc:789] => Merge succeeded
2026-05-19T17:56:45.760000Z COLMAP[chunk_model_merger_09] I20260519 17:56:45.498435 19242 model.cc:790] --- Merged reconstruction ---
2026-05-19T17:56:45.760000Z COLMAP[chunk_model_merger_09] I20260519 17:56:45.498445 19242 model.cc:791] Images: 1550
2026-05-19T17:56:45.760000Z COLMAP[chunk_model_merger_09] I20260519 17:56:45.498454 19242 model.cc:792] Points: 1248690
2026-05-19T17:56:48.761000Z 2026-05-19 17:56:47,928 - INFO - [chunk_model_merger_10] colmap model_merger --input_path1 /tmp/colmap_sfm_gefg0_n4/merged_chunk_model_09 --input_path2 /tmp/colmap_sfm_gefg0_n4/chunk_10/sparse_initial/0 --output_path /tmp/colmap_sfm_gefg0_n4/merged_chunk_model_10 --max_reproj_error 64
2026-05-19T17:56:51.762000Z COLMAP[chunk_model_merger_10] I20260519 17:56:50.782433 19250 model.cc:776] --- Reconstruction 1 ---
2026-05-19T17:56:51.762000Z COLMAP[chunk_model_merger_10] I20260519 17:56:50.782750 19250 model.cc:777] Images: 1550
2026-05-19T17:56:51.762000Z COLMAP[chunk_model_merger_10] I20260519 17:56:50.782766 19250 model.cc:778] Points: 1248690
2026-05-19T17:56:51.762000Z COLMAP[chunk_model_merger_10] I20260519 17:56:51.102391 19250 model.cc:782] --- Reconstruction 2 ---
2026-05-19T17:56:51.762000Z COLMAP[chunk_model_merger_10] I20260519 17:56:51.102434 19250 model.cc:783] Images: 173
2026-05-19T17:56:51.762000Z COLMAP[chunk_model_merger_10] I20260519 17:56:51.102447 19250 model.cc:784] Points: 107942
2026-05-19T17:56:51.762000Z COLMAP[chunk_model_merger_10] I20260519 17:56:51.102453 19250 model.cc:786] --- Merging reconstructions ---
2026-05-19T17:56:54.763000Z COLMAP[chunk_model_merger_10] I20260519 17:56:54.704306 19250 model.cc:789] => Merge succeeded
2026-05-19T17:56:54.763000Z COLMAP[chunk_model_merger_10] I20260519 17:56:54.704365 19250 model.cc:790] --- Merged reconstruction ---
2026-05-19T17:56:54.763000Z COLMAP[chunk_model_merger_10] I20260519 17:56:54.704375 19250 model.cc:791] Images: 1693
2026-05-19T17:56:54.763000Z COLMAP[chunk_model_merger_10] I20260519 17:56:54.704384 19250 model.cc:792] Points: 1329830
2026-05-19T17:56:57.764000Z 2026-05-19 17:56:57,373 - INFO - [chunk_bundle_adjuster] colmap bundle_adjuster --input_path /tmp/colmap_sfm_gefg0_n4/merged_chunk_model_10 --output_path /tmp/colmap_sfm_gefg0_n4/chunk_bundle_adjuster --BundleAdjustment.refine_principal_point 0 --BundleAdjustment.use_gpu 1
2026-05-19T17:56:57.764000Z COLMAP[chunk_bundle_adjuster] E20260519 17:56:57.524782 19273 base_option_manager.cc:264] Failed to parse options - unrecognised option '--BundleAdjustment.use_gpu'.
2026-05-19T17:56:57.764000Z 2026-05-19 17:56:57,537 - WARNING - bundle_adjuster rejected BundleAdjustment.use_gpu; retrying with older COLMAP-compatible flags
2026-05-19T17:56:57.764000Z 2026-05-19 17:56:57,537 - INFO - [chunk_bundle_adjuster] colmap bundle_adjuster --input_path /tmp/colmap_sfm_gefg0_n4/merged_chunk_model_10 --output_path /tmp/colmap_sfm_gefg0_n4/chunk_bundle_adjuster --BundleAdjustment.refine_principal_point 0
2026-05-19T17:57:00.765000Z COLMAP[chunk_bundle_adjuster] I20260519 17:57:00.627135 19281 bundle_adjustment.cc:70] === Global bundle adjustment ===
2026-05-19T19:17:27.712000Z COLMAP[chunk_bundle_adjuster] I20260519 19:17:27.001066 19281 bundle_adjustment_ceres.cc:1137] Bundle adjustment report
2026-05-19T19:17:27.712000Z COLMAP[chunk_bundle_adjuster]     Residuals : 16450146
2026-05-19T19:17:27.712000Z COLMAP[chunk_bundle_adjuster]    Parameters : 3999643
2026-05-19T19:17:27.712000Z COLMAP[chunk_bundle_adjuster]    Iterations : 101
2026-05-19T19:17:27.712000Z COLMAP[chunk_bundle_adjuster]          Time : 4809.29 [s]
2026-05-19T19:17:27.712000Z COLMAP[chunk_bundle_adjuster]  Initial cost : 2.40275 [px]
2026-05-19T19:17:27.712000Z COLMAP[chunk_bundle_adjuster]    Final cost : 0.75368 [px]
2026-05-19T19:17:27.712000Z COLMAP[chunk_bundle_adjuster]   Termination : NO_CONVERGENCE
2026-05-19T19:17:27.712000Z COLMAP[chunk_bundle_adjuster]
2026-05-19T19:17:28.713000Z COLMAP[chunk_bundle_adjuster] I20260519 19:17:28.161787 19281 timer.cc:90] Elapsed time: 80.459 [minutes]
2026-05-19T19:17:36.715000Z 2026-05-19 19:17:35,925 - INFO - [chunk_bundle_adjuster_model_converter_chunk_bundle_adjuster] colmap model_converter --input_path /tmp/colmap_sfm_gefg0_n4/chunk_bundle_adjuster --output_path /tmp/colmap_sfm_gefg0_n4/text_models/chunk_bundle_adjuster/chunk_bundle_adjuster --output_type TXT
2026-05-19T19:19:05.736000Z MEMORY_PROBE [after_python]:
2026-05-19T19:19:05.737000Z MemTotal:       16081288 kB
2026-05-19T19:19:05.737000Z MemFree:         7899752 kB
2026-05-19T19:19:05.737000Z MemAvailable:   14950532 kB
               total        used        free      shared  buff/cache   available
2026-05-19T19:19:05.737000Z Mem:            15Gi       1.1Gi       7.5Gi       1.0Mi       7.1Gi        14Gi
2026-05-19T19:19:05.737000Z Swap:             0B          0B          0B
2026-05-19T19:19:05.737000Z ============================================================
2026-05-19T19:19:05.737000Z 🔍 VALIDATING OUTPUT
2026-05-19T19:19:05.737000Z ============================================================
2026-05-19T19:19:05.737000Z ✅ /opt/ml/processing/output/sparse/0/cameras.txt (196 bytes)
2026-05-19T19:19:05.737000Z ✅ /opt/ml/processing/output/sparse/0/images.txt (672986589 bytes)
2026-05-19T19:19:05.737000Z ✅ /opt/ml/processing/output/sparse/0/points3D.txt (204061992 bytes)
2026-05-19T19:19:05.737000Z ✅ /opt/ml/processing/output/images (1710 files)
2026-05-19T19:19:05.738000Z ✅ /opt/ml/processing/output/database.db (2571362304 bytes)
2026-05-19T19:19:05.738000Z ✅ /opt/ml/processing/output/sfm_metadata.json (7583 bytes)
2026-05-19T19:19:06.738000Z ✅ COLMAP format validation passed
2026-05-19T19:19:06.738000Z ============================================================
2026-05-19T19:19:06.738000Z 📊 PROCESSING STATISTICS
2026-05-19T19:19:06.738000Z ============================================================
2026-05-19T19:19:06.738000Z 📷 Cameras registered: 1
2026-05-19T19:19:06.738000Z 🖼️ Images registered: 1693
2026-05-19T19:19:06.738000Z 🖼️ Images copied for 3DGS: 1710
2026-05-19T19:19:06.738000Z 🎯 3D points: 1329830
2026-05-19T19:19:06.738000Z ⏱️ Processing time: 78924.24 seconds
2026-05-19T19:19:06.738000Z 🛰️ GPS priors detected: 1710
2026-05-19T19:19:06.738000Z 🔗 Matchers: chunk_spatial_matcher, chunk_sequential_matcher, chunk_spatial_matcher, chunk_sequential_matcher, chunk_spatial_matcher, chunk_sequential_matcher, chunk_spatial_matcher, chunk_sequential_matcher, chunk_spatial_matcher, chunk_vocab_tree_matcher, chunk_spatial_matcher, chunk_sequential_matcher, chunk_spatial_matcher, chunk_vocab_tree_matcher, chunk_spatial_matcher, chunk_sequential_matcher, chunk_spatial_matcher, chunk_vocab_tree_matcher, chunk_spatial_matcher, chunk_sequential_matcher, chunk_spatial_matcher, chunk_vocab_tree_matcher, chunk_spatial_matcher, chunk_sequential_matcher, chunk_spatial_matcher, chunk_sequential_matcher, chunk_spatial_matcher, chunk_sequential_matcher, chunk_spatial_matcher, chunk_sequential_matcher
2026-05-19T19:19:06.738000Z 🧭 Match profile: P1
2026-05-19T19:19:06.738000Z ➡️ Sequential matcher enabled: True
2026-05-19T19:19:06.738000Z ↩️ Fallback reason: not_needed
2026-05-19T19:19:06.738000Z 🎯 Vocab tree candidates: 40
2026-05-19T19:19:06.738000Z 📌 SIFT max features: 8192
2026-05-19T19:19:06.738000Z ============================================================
2026-05-19T19:19:06.738000Z 🎉 SPACEPORT COLMAP GPU SfM COMPLETED SUCCESSFULLY!
2026-05-19T19:19:06.738000Z ============================================================
2026-05-19T19:19:06.738000Z ✅ GPU-accelerated COLMAP SfM completed
2026-05-19T19:19:06.738000Z 📁 Output files ready for 3D Gaussian Splatting training
2026-05-19T19:19:06.738000Z 🔗 COLMAP TXT handoff maintained
2026-05-19T19:19:06.738000Z 📅 Completed at: Tue May 19 19:19:06 UTC 2026
2026-05-19T19:19:06.738000Z ============================================================
